// Jest Snapshot v1, https://goo.gl/fbAQLP

exports[`parses madata 1`] = `
Array [
  Object {
    "author": null,
    "description": "Ακόμη ένα περιστατικό πνιγμού από φαγητό, καταγράφηκε στην Κρήτη, με θύμα αυτή τη φορά μία ηλικιωμένη γυναίκα.
Σύμφωνα με το cretapost, όλα συνέβησαν στο Ηράκλειο όταν η 80χρονη γυναίκα την ώρα που απολάμβανε το μεσημεριανό της γεύμα «πνίγηκε» από μπουκιά ",
    "image": "https://static.madata.gr/files/kotopoulo2018.jpg",
    "link": "https://www.madata.gr/epikairotita/social/709777-krhth-echase-th-zoh-ths-apo-mia-mpoykia-kotopoylo.html",
    "published": 2019-10-20T18:05:00.000Z,
    "title": "Κρήτη: Έχασε τη ζωή της από μια μπουκιά κοτόπουλο",
  },
  Object {
    "author": null,
    "description": "Σύμφωνα με την αυτόματη λύση του Γεωδυναμικού Ινστιτούτου, ο σεισμός είχε μέγεθος 3,2 ρίχτερ... 
Έγινε στις 19:59 απόψε, με επίκεντρο στη θαλάσσια περιοχή, 12 χιλιόμετρα νοτιοδυτικά των Κυθήρων.
Το εστιακό βάθος του σεισμού ήταν 10 χιλιόμετρα.",
    "image": "https://static.madata.gr/files/seismos.png",
    "link": "https://www.madata.gr/epikairotita/social/709776-seismos-konta-sta-kythhra.html",
    "published": 2019-10-20T17:57:00.000Z,
    "title": "Σεισμός κοντά στα Κύθηρα",
  },
  Object {
    "author": null,
    "description": "Και όμως γίνεται… Ο 33χρονος ιερέας Αριστείδης Τσιότρας, πατέρας τριών παιδιών, είναι αστυνομικός, όμως συγχρόνως διακονεί κανονικά στην ενορία του Λιόπρασου Τρικάλων!
Ο παπάς – αστυνομικός, χειροτονήθηκε τον περασμένο Ιανουάριο διάκονος και στη συνέχεια π",
    "image": "https://static.madata.gr/files/papas_351372868.jpg",
    "link": "https://www.madata.gr/epikairotita/social/709770-trikala-papas-astynomikos-fylaei-skopia-me-oplo.html",
    "published": 2019-10-20T17:10:00.000Z,
    "title": "Τρίκαλα: Παπάς - Αστυνομικός φυλάει σκοπιά με όπλο!",
  },
  Object {
    "author": null,
    "description": "Όλα έγιναν ξημερώματα, με μια 25χρονη γυναίκα να καταγράφει τα πάντα με το κινητό της τηλέφωνο. Το βίντεο ντοκουμέντο \\"παγώνει\\" το αίμα. Η νεαρή γυναίκα ουρλιάζει \\"βοήθεια\\" και εκλιπαρεί τον ληστή να μην της πάρει το αμάξι. Ο δράστης αδιαφορεί, την χτυπά κ",
    "image": "https://static.madata.gr/files/amaksi_2010_1-768x451.jpg",
    "link": "https://www.madata.gr/epikairotita/social/709767-anatrichila-ths-eklepse-to-amaxi-kai-thn-eserne-feygontas-Binteo.html",
    "published": 2019-10-20T16:53:00.000Z,
    "title": "Ανατριχίλα! Της έκλεψε το αμάξι και την έσερνε φεύγοντας! Bίντεο",
  },
  Object {
    "author": null,
    "description": "Όλα έγιναν ξημερώματα, με μια 25χρονη γυναίκα να καταγράφει τα πάντα με το κινητό της τηλέφωνο. Το βίντεο ντοκουμέντο \\"παγώνει\\" το αίμα. Η νεαρή γυναίκα ουρλιάζει \\"βοήθεια\\" και εκλιπαρεί τον ληστή να μην της πάρει το αμάξι. Ο δράστης αδιαφορεί, την χτυπά κ",
    "image": "https://static.madata.gr/files/klopi-ix2018.jpg",
    "link": "https://www.madata.gr/epikairotita/social/709768-sokaristiko-vinteo-«stamata-to-aytokinhto-stamata-tha-me-skotoseis-».html",
    "published": 2019-10-20T16:51:00.000Z,
    "title": "Σοκαριστικό Βίντεο: «Σταμάτα το αυτοκίνητο! Σταμάτα θα με σκοτώσεις!»",
  },
  Object {
    "author": null,
    "description": "Στην παιδιατρική κλινική του νοσοκομείου Αγρινίου νοσηλεύεται μία 16χρονη η οποία λίγο μετά τα μεσάνυχτα μεταφέρθηκε εκεί σε κατάσταση μέθης.Σύμφωνα με τις πρώτες πληροφορίες του agriniopress.gr, η ανήλικη κατανάλωσε υπερβολική ποσότητα αλκοόλ με αποτέλεσμ",
    "image": "https://static.madata.gr/files/alcohol34.jpg",
    "link": "https://www.madata.gr/epikairotita/social/709761-agrinio-sto-nosokomeio-16chronh-meta-apo-ypervolikh-katanalosh-alkool.html",
    "published": 2019-10-20T16:13:00.000Z,
    "title": "Αγρίνιο: Στο νοσοκομείο 16χρονη μετά από υπερβολική κατανάλωση αλκοόλ",
  },
  Object {
    "author": null,
    "description": "Eργαστήριο - αποθήκη, με μεγάλο αριθμό \\"μαϊμού\\" ειδών ένδυσης και υπόδησης, γνωστών εμπορικών οίκων του εξωτερικού, εντοπίστηκε χθες το απόγευμα στη Δραπετσώνα μετά από ειδική επιχείρηση της αστυνομίας.
Συνελήφθησαν πέντε άτομα, εκ των οποίων τρεις ημεδαπο",
    "image": "https://static.madata.gr/files/ASTYNOMIA.jpg",
    "link": "https://www.madata.gr/epikairotita/social/709754-drapetsona-«ntoy»-ths-astynomias-se-apothhkh-me-30965-proionta-maimoy-–-pente-oi-syllhpseis.html",
    "published": 2019-10-20T15:42:00.000Z,
    "title": "Δραπετσώνα: «Ντου» της αστυνομίας σε αποθήκη με 30.965 προϊόντα μαϊμού – Πέντε οι συλλήψεις",
  },
  Object {
    "author": null,
    "description": "Στη Σάμο ζουν σήμερα περισσότεροι από 6.500 αιτούντες άσυλο
Συνολικά 700 αιτούντες άσυλο αναμένονται να μεταφερθούν αύριο, Δευτέρα, από τη Σάμο στον Πειραιά και από εκεί σε δομές στην ενδοχώρα. Σύμφωνα με τον προγραμματισμό που έχει γίνει γνωστός, αύριο θα",
    "image": "https://static.madata.gr/files/prosfiges20191.jpg",
    "link": "https://www.madata.gr/epikairotita/social/709752-ayrio-h-metafora-700-aitoynton-asylo-apo-th-samo-ston-peiraia.html",
    "published": 2019-10-20T15:31:00.000Z,
    "title": "Αύριο η μεταφορά 700 αιτούντων άσυλο από τη Σάμο στον Πειραιά",
  },
  Object {
    "author": null,
    "description": "Εξιχνιάστηκαν από το Αστυνομικό Τμήμα Λευκίμμης, πέντε υποθέσεις τηλεφωνικής εξαπάτησης ιδιοκτητών πρατηρίων υγρών καυσίμων, με το πρόσχημα της εκ παραδρομής καταβολής χρημάτων, σε λογαριασμούς των επιχειρήσεων.
Για τις υποθέσεις αυτές σχηματίστηκε δικογρα",
    "image": "https://static.madata.gr/files/lefta_20euro.jpg",
    "link": "https://www.madata.gr/epikairotita/social/709742-exapatoysan-idiokthtes-venzinadikon-paristanontas-toys-farmakopoioys-kai-toys-giatroys.html",
    "published": 2019-10-20T14:43:00.000Z,
    "title": "Εξαπατούσαν ιδιοκτήτες βενζινάδικων, παριστάνοντας τους φαρμακοποιούς και τους γιατρούς",
  },
  Object {
    "author": null,
    "description": "Ο πατέρας εξοργίστηκε όταν η δασκάλα τον πληροφόρησε ότι δε μπορεί να πάρει τα παιδιά του. Υπάρχουν σχετικά ασφαλιστικά μέτρα όμως... ο ίδιος δεν δεχόταν κουβέντα! Οι απίστευτες εικόνες που εκτυλίχθηκαν μπροστά στα μάτια μικρών παιδιών. \\"Έχω μαρτυρήσει όλα",
    "image": "https://static.madata.gr/files/gainaiak-768x490.jpg",
    "link": "https://www.madata.gr/epikairotita/social/709741-eserne-thn-daskala-apo-ta-mallia-apokalypseis-ths-mhteras-gia-ton-xylodarmo-sto-scholeio-ths-krhths.html",
    "published": 2019-10-20T14:42:00.000Z,
    "title": "Έσερνε την δασκάλα από τα μαλλιά! Αποκαλύψεις της μητέρας για τον ξυλοδαρμό στο σχολείο της Κρήτης",
  },
  Object {
    "author": null,
    "description": "Τα Εξάρχεια βρέθηκαν το επίκεντρο του ενδιαφέροντος του BBC το οποίο με εκτενές ρεπορτάζ αναφέρεται στις επιθέσεις βανδαλισμών των Ελλήνων αναρχικών σε σπίτια που νοικιάζονται μέσω Airbnb στην περιοχή.
Σύμφωνα με το βρετανικό πρακτορείο, οι αναρχικοί στην ",
    "image": "https://static.madata.gr/files/airbnb.png",
    "link": "https://www.madata.gr/epikairotita/social/709740-BBC-Bandalismoi-apo-ellhnes-anarchikoys-se-spitia-Airbnb.html",
    "published": 2019-10-20T14:37:00.000Z,
    "title": "BBC: Bανδαλισμοί από Ελλήνες αναρχικούς σε σπίτια Airbnb",
  },
  Object {
    "author": null,
    "description": "Η Airbnb στο στόχαστρο των αναρχικών. Σύμφωνα με ρεπορτάζ του BBC, το «γκέτο» των Εξαρχείων δεν βλέπει με «καλό μάτι» τη διάσημη πλατφόρμα  Airbnb, και τάσσεται κατά του τουρισμού σε μια προσπάθεια καταπολέμησης του εξευρωπαϊσμού.Το δημοσίευμα  αναφέρεται ",
    "image": "https://static.madata.gr/files/exarxeia_astyn.jpg",
    "link": "https://www.madata.gr/epikairotita/social/709735-Airbnb-exarcheia-giati-oi-exagriomenoi-anarchikoi-ta-vazoyn-me-toys-toyristes.html",
    "published": 2019-10-20T14:29:00.000Z,
    "title": "Airbnb - Εξάρχεια: Γιατί οι εξαγριωμένοι αναρχικοί τα βάζουν με τους τουρίστες",
  },
  Object {
    "author": null,
    "description": "Το χάρο με τα μάτια τους είδαν οι διερχόμενοι οδηγοί στην Εθνική οδό Αθηνών - Λαμίας όταν ήρθαν αντιμέτωποι με αυτοκίνητο που κινείτο αντίθετα.
Σύμφωνα με την ιστοσελίδα tvstar.gr ένας ηλικιωμένος οδηγός κινείτο αντίθετα για περίπου ένα χιλιόμετρο. Ο ηλικι",
    "image": "https://static.madata.gr/files/troxaiafotia20191.jpg",
    "link": "https://www.madata.gr/epikairotita/social/709734-eidan-to-charo-me-ta-matia-toys-hlikiomenos-odhgoyse-anapoda-sthn-athhnon-lamias.html",
    "published": 2019-10-20T14:23:00.000Z,
    "title": "Είδαν το χάρο με τα μάτια τους: Ηλικιωμένος οδηγούσε ανάποδα στην Αθηνών-Λαμίας",
  },
  Object {
    "author": null,
    "description": "Ο πατέρας εξοργίστηκε όταν η δασκάλα τον πληροφόρησε ότι δε μπορεί να πάρει τα παιδιά του. Υπάρχουν σχετικά ασφαλιστικά μέτρα όμως... ο ίδιος δεν δεχόταν κουβέντα! Οι απίστευτες εικόνες που εκτυλίχθηκαν μπροστά στα μάτια μικρών παιδιών. \\"Έχω μαρτυρήσει όλα",
    "image": "https://static.madata.gr/files/sxoleio_104578483.jpg",
    "link": "https://www.madata.gr/epikairotita/social/709730-sok-sthn-krhth-«eserne-thn-daskala-apo-ta-mallia-kai-thn-chtypoyse-sto-prosopo»-[vinteo].html",
    "published": 2019-10-20T13:53:00.000Z,
    "title": "Σοκ στην Κρήτη: «Έσερνε την δασκάλα από τα μαλλιά και την χτυπούσε στο πρόσωπο» [Βίντεο]",
  },
  Object {
    "author": null,
    "description": "Στο νοσοκομείο Αγρινίου μεταφέρθηκε λίγο μετά τα μεσάνυχτα μία 16χρονη η οποία κατανάλωσε μεγάλες ποσότητες αλκοόλ σε μπαρ της πόλης.
Σύμφωνα με την ιστοσελίδα agriniopress.gr, η 16χρονη νοσηλεύεται στην παιδιατρική κλινική ενώ σε βάρος του εκπροσώπου και ",
    "image": "https://static.madata.gr/files/paidi_nosokomeio_475512844.jpg",
    "link": "https://www.madata.gr/epikairotita/social/709728-agrinio-sto-nosokomeio-16chronh-apo-ypervolikh-katanalosh-alkool.html",
    "published": 2019-10-20T13:36:00.000Z,
    "title": "Αγρίνιο: Στο νοσοκομείο 16χρονη από υπερβολική κατανάλωση αλκοόλ",
  },
  Object {
    "author": null,
    "description": "Επιχείρηση για την αντιμετώπιση του παρεμπορίου πραγματοποιήθηκε, την Παρασκευή 18 Οκτωβρίου, σε εμποροπανήγυρη στο Τσοτύλι του Δήμου Βοΐου Κοζάνης, υπό το συντονισμό του Συντονιστικού Κέντρου Αντιμετώπισης Παρεμπορίου (ΣΥΚΕΑΑΠ), της Γενικής Γραμματείας Εμ",
    "image": "https://static.madata.gr/files/tsantes_562811584.jpg",
    "link": "https://www.madata.gr/epikairotita/social/709723-epicheirhsh-«skoypa»-kata-toy-paremporioy-se-athhna-thessalonikh-kai-kozanh.html",
    "published": 2019-10-20T12:49:00.000Z,
    "title": "Επιχείρηση «σκούπα» κατά του παρεμπορίου σε Αθήνα, Θεσσαλονίκη και Κοζάνη",
  },
  Object {
    "author": null,
    "description": "Τις επόμενες ημέρες θα καταβάλει ο Οργανισμός Προνοιακών Επιδομάτων και Κοινωνικής Αλληλεγγύης (ΟΠΕΚΑ) μια σειρά από επιδόματα, συντάξεις και παροχές στους δικαιούχους.
Αναλυτικά:
Μεταξύ 24 και 25 Οκτωβρίου ο ΟΠΕΚΑ αναμένεται να καταβάλει τα εξής:
Α.(Τα επ",
    "image": "https://static.madata.gr/files/opeka.jpg",
    "link": "https://www.madata.gr/epikairotita/social/709699-poia-epidomata-kai-paroches-plhronei-noritera-o-opeka.html",
    "published": 2019-10-20T11:15:00.000Z,
    "title": "Ποια επιδόματα και παροχές πληρώνει νωρίτερα ο ΟΠΕΚΑ",
  },
  Object {
    "author": null,
    "description": "Η Ελληνική Αστυνομία γιορτάζει στις 20 Οκτωβρίου την «Ημέρα της Αστυνομίας» μαζί με τη μνήμη του Προστάτη του Σώματος, Μεγαλομάρτυρα Αγίου Αρτεμίου και δημοσίευσε στα social media της ένα βίντεο παρουσιάζει τις υπηρεσίες της.
Η «Ημέρα της Αστυνομίας» θεσμο",
    "image": "https://static.madata.gr/files/ellinikiastunomia2018.jpg",
    "link": "https://www.madata.gr/epikairotita/social/709718-hmera-ths-astynomias-h-elas-giortazei-kai-paroysiazei-tis-draseis-tis-yphresies-kai-toys-anthropoys-ths.html",
    "published": 2019-10-20T09:54:00.000Z,
    "title": "Ημέρα της Αστυνομίας: Η ΕΛ.ΑΣ. γιορτάζει και παρουσιάζει τις δράσεις, τις υπηρεσίες και τους ανθρώπους της",
  },
  Object {
    "author": null,
    "description": "Πλησιάζει ο πρώτος μήνας των εκπτώσεων για την φετινή σεζόν, καθώς την Παρασκευή 1 Νοεμβρίου ξεκινούν οι φθινοπωρινές εκπτώσεις οι οποίες θα διαρκέσουν 10 ημέρες.  
Σύμφωνα με τον Εμπορικό Σύλλογο Αθηνών οι εμπορικές επιχειρήσεις θα πρέπει να δείξουν ιδιαί",
    "image": "https://static.madata.gr/files/blackfridaysybermondey2019.jpg",
    "link": "https://www.madata.gr/epikairotita/social/709706-ekptoseis-2019-pote-xekinoyn-–-pote-peftoyn-Black-Friday-kai-Cyber-Monday.html",
    "published": 2019-10-20T08:59:00.000Z,
    "title": "Εκπτώσεις 2019:  Πότε ξεκινούν – Πότε \\"πέφτουν\\" Black Friday και Cyber Monday",
  },
  Object {
    "author": null,
    "description": "Ο καβγάς ανάμεσα σε δύο αδέλφια σε ορεινό χωριό στην Αργολίδα λίγο έλειψε να καταλήξει σε τραγωδία, καθώς ο ένας πυροβόλησε τον άλλο με καραμπίνα.
Σύμφωνα με το argolikeseidhseis.gr, το περιστατικό σημειώθηκε το απόγευμα του Σαββάτου σε ποιμνιοστάσιο σε πε",
    "image": "https://static.madata.gr/files/asthenoforoeparxia2018.jpg",
    "link": "https://www.madata.gr/epikairotita/social/709702-oi-oikogeneiakes-diafores-toy-oplisan-to-cheri-pyrovolhse-ton-adelfo-toy.html",
    "published": 2019-10-20T08:47:00.000Z,
    "title": "Οι οικογενειακές διαφορές του όπλισαν το χέρι - Πυροβόλησε τον αδελφό του",
  },
]
`;

exports[`parses protothema 1`] = `
Array [
  Object {
    "author": null,
    "description": "Υπέρ τάχθηκαν η ΝΔ και το ΚΙΝΑΛ και κατά ο ΣΥΡΙΖΑ, το ΚΚΕ, η Ελληνική Λύση και το ΜεΡΑ25 - Δεν χωρούν μικροπολιτικά παιχνίδια στα θέματα της δημόσιας Υγείας, είπε ο Βασίλης Κικίλιας",
    "image": "https://i1.prth.gr/images/w640/files/2019-10-15/4918689__1_.jpg",
    "link": "https://www.protothema.gr/politics/article/935763/vouli-uperpsifistike-me-eureia-pleiopsifia-to-adikapnistiko-nomoshedio/?utm_source=rss",
    "published": 2019-10-15T20:39:00.000Z,
    "title": "Βουλή: Υπερψηφίστηκε με ευρεία πλειοψηφία το «αντικαπνιστικό νομοσχέδιο»",
  },
  Object {
    "author": null,
    "description": "Ο αρχηγός της αξιωματικής αντιπολίτευσης αναφέρθηκε στη λειτουργία της νέας πλατφόρμας του κόμματος η οποία όπως είπε θα συμβάλλει στη συγκρότηση μιας μεγάλης προοδευτικής δημοκρατικής παράταξης - Νέα σφοδρή επίθεση στη ΝΔ",
    "image": "https://i1.prth.gr/images/w640/files/2019-10-15/4923538.jpg",
    "link": "https://www.protothema.gr/politics/article/935758/tsipras-stin-patra-me-to-isyrizagr-tha-pame-sti-nea-epohi/?utm_source=rss",
    "published": 2019-10-15T19:49:00.000Z,
    "title": "Τσίπρας στην Πάτρα: Με το isyriza.gr θα πάμε στη νέα εποχή",
  },
  Object {
    "author": null,
    "description": "Στη σχετική ανακοίνωση του υπουργείου, οι δύο πλευρές συμφώνησαν ότι το προσφυγικό- μεταναστευτικό ζήτημα αποτελεί «ευρωπαϊκό πρόβλημα, που υπερβαίνει το κάθε κράτος-μέλος χωριστά»",
    "image": "https://i1.prth.gr/images/w640/files/2019-10-15/koumoutsakos-metan.jpg",
    "link": "https://www.protothema.gr/politics/article/935755/sunadisi-koumoutsakou-me-ton-gallo-presvi-sto-epikedro-to-prosfugiko/?utm_source=rss",
    "published": 2019-10-15T19:45:00.000Z,
    "title": "Συνάντηση Κουμουτσάκου με τον Γάλλο πρέσβη: Στο επίκεντρο το προσφυγικό",
  },
  Object {
    "author": null,
    "description": "Έντονη διαφωνία του Παύλου Πολάκη για την τροπολογία του υπουργείου Παιδείας - «Την σήκωσαν αυτοί που πολέμησαν στην Αλβανία, στην μάχη της Κρήτης και όχι αυτοί που έφυγαν τρέχοντας» είπε για τη σημαία",
    "image": "https://i1.prth.gr/images/w640/files/2019-10-15/polakis4.jpg",
    "link": "https://www.protothema.gr/politics/article/935744/polakis-gia-ti-simaia-tin-sikosan-ta-paidia-ton-laikon-taxeon-ohi-oi-pseutoaristoi-ton-elit-pou-tin-kopanisan/?utm_source=rss",
    "published": 2019-10-15T18:54:00.000Z,
    "title": "Πολάκης για τη σημαία: Την σήκωσαν τα παιδιά των λαϊκών τάξεων - Όχι οι ψευτοάριστοι των ελίτ που την κοπάνησαν",
  },
  Object {
    "author": null,
    "description": "Ο υπουργός Υποδομών και Μεταφορών ανακοίνωσε και τη μερική υπογειοποίηση του σιδηροδρόμου στην Πάτρα",
    "image": "https://i1.prth.gr/images/w640/files/2019-10-15/4907145.jpg",
    "link": "https://www.protothema.gr/politics/article/935743/karamanlis-apoluti-proteraiotita-i-patron-purgou/?utm_source=rss",
    "published": 2019-10-15T18:51:00.000Z,
    "title": "Καραμανλής: «Απόλυτη προτεραιότητα» η Πατρών - Πύργου",
  },
  Object {
    "author": null,
    "description": "Θα επιστρέψουν οι γιατροί που είχαν κάνει χρήση «φωτογραφικής» διάταξης της κυβέρνησης ΣΥΡΙΖΑ που τους επέτρεπε να μεταφέρονται σε άλλες μονάδες",
    "image": "https://i1.prth.gr/images/w640/files/2019-10-15/4923235.jpg",
    "link": "https://www.protothema.gr/politics/article/935741/o-kikilias-ekane-dekti-tropologia-gia-tin-epanaleitourgia-tou-nosokomeiou-kuparissias/?utm_source=rss",
    "published": 2019-10-15T18:27:21.000Z,
    "title": "Ο Κικίλιας έκανε δεκτή τροπολογία για την επαναλειτουργία του νοσοκομείου Κυπαρισσίας",
  },
  Object {
    "author": null,
    "description": "Μετά τις ανακοινώσεις του Αλέξη Τσίπρα, ο ΣΥΡΙΖΑ ξεκινά την εγγραφή νέων μελών – Απευθύνει πλατιά πρόσκληση σε αριστερούς, δημοκρατικούς και προοδευτικούς πολίτες",
    "image": "https://i1.prth.gr/images/w640/files/2019-10-15/syriza_neameli.jpg",
    "link": "https://www.protothema.gr/politics/article/935739/suriza-diathesimi-i-ilektroniki-platforma-eggrafis-neon-melon/?utm_source=rss",
    "published": 2019-10-15T18:23:02.000Z,
    "title": "ΣΥΡΙΖΑ: Διαθέσιμη η ηλεκτρονική πλατφόρμα εγγραφής νέων μελών",
  },
  Object {
    "author": null,
    "description": "Η αναπληρώτρια εκπρόσωπος του ΚΙΝΑΛ, Ζέφη Δημαδάμα κάλεσε τις Γυναίκες του Ευρωπαϊκού Σοσιαλιστικού Κόμματος να καταδικάσουν την τουρκική εισβολή – Ζητά να ληφθούν κυρώσεις και να αποφευχθούν περαιτέρω απώλειες ζωών",
    "image": "https://i1.prth.gr/images/w640/files/2019-10-15/dimadama.jpg",
    "link": "https://www.protothema.gr/politics/article/935731/kinal-ekklisi-tis-dimadama-stis-europaies-sosialistries-na-katadikasoun-ton-polemo-sti-suria/?utm_source=rss",
    "published": 2019-10-15T17:55:43.000Z,
    "title": "ΚΙΝΑΛ: Έκκληση της Δημαδάμα στις Ευρωπαίες σοσιαλίστριες να καταδικάσουν τον πόλεμο στη Συρία",
  },
  Object {
    "author": null,
    "description": "«Η τραγωδία των Κούρδων αποτελεί καμπάνα που χτυπά θλιβερά και προειδοποιητικά για την Ελλάδα», διεμήνυσε ο επικεφαλής της Λαϊκής Ενότητας",
    "image": "https://i1.prth.gr/images/w640/files/2019-10-15/panagiotis-lafazanis.jpg",
    "link": "https://www.protothema.gr/politics/article/935729/lafazanis-oratos-o-kindunos-i-ellada-na-ehei-tin-idia-tuhi-me-tous-kourdous/?utm_source=rss",
    "published": 2019-10-15T17:40:00.000Z,
    "title": "Λαφαζάνης: Ορατός ο κίνδυνος η Ελλάδα να έχει την ίδια τύχη με τους Κούρδους",
  },
  Object {
    "author": null,
    "description": "Αίσθηση προκαλούν οι δηλώσεις του Ρώσου πρέσβη στην ΕΕ - Είναι λάθος η συμφωνία αμυντικής συνεργασίας που υπέγραψε η Ελλάδα με τις ΗΠΑ σημείωσε",
    "image": "https://i1.prth.gr/images/w640/files/2019-10-15/4353.jpg",
    "link": "https://www.protothema.gr/politics/article/935726/dilosi-vomva-apo-roso-presvi-o-trab-tha-egataleipsei-tous-ellines-opos-ekane-me-tous-kourdous/?utm_source=rss",
    "published": 2019-10-15T17:31:00.000Z,
    "title": "Δήλωση - βόμβα από Ρώσο πρέσβη: Ο Tραμπ θα εγκαταλείψει τους Έλληνες, όπως έκανε με τους Κούρδους",
  },
  Object {
    "author": null,
    "description": "Ερωτηθείς αν ένας υπουργός θα μπορούσε να κάνει επαφή με τη Ρωσία απάντησε:«Ότι υπήρχε μία προσπάθεια σε σχέση με τη ρευστότητα, με δάνεια, είχε ακουστεί, όχι σε σχέση με αλλαγή του νομίσματος»",
    "image": "https://i1.prth.gr/images/w640/files/2019-10-15/mardas-ypoik-anaplirotis.jpg",
    "link": "https://www.protothema.gr/politics/article/935713/mardas-gia-to-2015-oloi-thelame-mnimonio-kai-o-lafazanis-drahmi/?utm_source=rss",
    "published": 2019-10-15T17:02:00.000Z,
    "title": "Μάρδας για το 2015: Όλοι θέλαμε μνημόνιο και ο Λαφαζάνης δραχμή",
  },
  Object {
    "author": null,
    "description": "«Ο διοικητής της Τράπεζας της Ελλάδας θα έπρεπε να έχει παυθεί από τη θέση του για παράβαση του ρόλου του» αναφέρει το MέΡΑ25",
    "image": "https://i1.prth.gr/images/w640/files/2019-10-15/4907933.jpg",
    "link": "https://www.protothema.gr/politics/article/935695/varoufakis-muthistorima-tou-tzon-le-kare-oi-apokalupseis-stournara/?utm_source=rss",
    "published": 2019-10-15T16:17:00.000Z,
    "title": "Βαρουφάκης: «Μυθιστόρημα του Τζον Λε Καρέ» οι αποκαλύψεις Στουρνάρα για τους Ρώσους και τις δραχμές",
  },
  Object {
    "author": null,
    "description": "«Πως το κάνατε αυτό όταν επί 4 χρόνια γδέρνατε τον κόσμο» του απάντησε ο Παφίλης - «Επεκτείνατε τη ρύθμιση της ΝΔ για τους ανασφάλιστους αλλά δεν βγάλατε πιστώσεις» σημείωσε ο Βασίλης Κικίλιας",
    "image": "https://i1.prth.gr/images/w640/files/2019-10-15/4918093.jpg",
    "link": "https://www.protothema.gr/politics/article/935685/tsakalotos-sti-vouli-o-suriza-ekane-pio-dikaio-to-kapitalistiko-sustima/?utm_source=rss",
    "published": 2019-10-15T16:01:00.000Z,
    "title": "Τσακαλώτος στη Βουλή: Ο ΣΥΡΙΖΑ έκανε πιο δίκαιο το... καπιταλιστικό σύστημα!",
  },
  Object {
    "author": null,
    "description": "Κατά το άρθρο 22 του Κανονισμού Λειτουργίας ορίζονται οι κάτωθι ως μέλη του Εκτελεστικού Γραφείου της Οργάνωσης",
    "image": "https://i1.prth.gr/images/w640/files/2019-10-15/onned-skopianoi-ena.jpg",
    "link": "https://www.protothema.gr/politics/article/935652/autoi-analamvanoun-ta-hartofulakia-stin-onned-adiproedros-o-kostas-mamoulis/?utm_source=rss",
    "published": 2019-10-15T14:54:00.000Z,
    "title": "Αυτοί αναλαμβάνουν τα χαρτοφυλάκια στην ΟΝΝΕΔ - Αντιπρόεδρος ο Κώστας Μαμούλης",
  },
  Object {
    "author": null,
    "description": "Τι είπε ο πρώην υφυπουργός Υγείας για τις φωτογραφίες που τον έδειχναν να καπνίζει στο υπουργείο - «Αν θέλετε να είστε ριζοσπαστικοί για το κάπνισμα γιατί δεν βάζετε μάθημα στα σχολεία για την απαγόρευση του καπνίσματος; » αναρωτήθηκε",
    "image": "https://i1.prth.gr/images/w640/files/2019-10-15/πολακης-τσιγαρο-καφες-600x400.jpg",
    "link": "https://www.protothema.gr/politics/article/935649/polakis-gia-ton-adikapnistiko-mas-evalan-sti-vouli-na-kapnizoume-40-nomataioi-se-mia-strouga/?utm_source=rss",
    "published": 2019-10-15T14:52:00.000Z,
    "title": "Πολάκης για τον αντικαπνιστικό: Μας έβαλαν στη Βουλή να καπνίζουμε 40 νοματαίοι σε μια στρούγκα!",
  },
  Object {
    "author": null,
    "description": "Κατά τη διάρκεια των 12.987 ελέγχων εντοπίστηκαν 1.357 αδήλωτοι εργαζόμενοι και επιβλήθηκαν πρόστιμα ύψους 15.600.527 ευρώ, σύμφωνα με τα στοιχεία που παρουσίασε ο υπουργός Εργασίας",
    "image": "https://i1.prth.gr/images/w640/files/2019-08-18/vroutsis_art.jpg",
    "link": "https://www.protothema.gr/politics/article/935635/vroutsis-diplasiastikan-oi-eleghoi-stin-agora-ergasias/?utm_source=rss",
    "published": 2019-10-15T14:17:00.000Z,
    "title": "Βρούτσης: Διπλασιάστηκαν οι έλεγχοι στην αγορά εργασίας",
  },
  Object {
    "author": null,
    "description": "Η υπουργός Παιδείας παρουσίασε στη Βουλή τις δύο τροπολογίες για τον διπλασιασμό των πιστώσεων για προσλήψεις αναπληρωτών και τους σημαιοφόρους - «Δίνουμε έναν αγώνα της προσπάθειας έναντι της ισοπέδωσης»",
    "image": "https://i1.prth.gr/images/w640/files/2019-10-15/keramews3.jpg",
    "link": "https://www.protothema.gr/politics/article/935632/kerameos-to-zitima-ton-simaioforon-eberiehei-gia-emas-upsilo-sumvolismo/?utm_source=rss",
    "published": 2019-10-15T14:10:00.000Z,
    "title": "Κεραμέως: Το ζήτημα των σημαιοφόρων εμπεριέχει για εμάς υψηλό συμβολισμό",
  },
  Object {
    "author": null,
    "description": "Συνάντηση στην Πάτρα με την Πρύτανη του Πανεπιστημίου Πατρών και το Προεδρείο του Δικηγορικού Συλλόγου Πατρών, είχε ο πρώην πρωθυπουργός",
    "image": "https://i1.prth.gr/images/w640/files/2019-10-15/tsipras_patra.jpg",
    "link": "https://www.protothema.gr/politics/article/935609/o-tsipras-desmeutike-gia-epanidrusi-tis-nomikis-patron-otan-vrethei-xana-stin-exousia/?utm_source=rss",
    "published": 2019-10-15T12:58:00.000Z,
    "title": "Ο Τσίπρας δεσμεύτηκε για επανίδρυση της Νομικής Πατρών όταν βρεθεί ξανά στην εξουσία",
  },
  Object {
    "author": null,
    "description": "Ο πρωθυπουργός εγκαινίασε το σύμπλεγμα των αιολικών πάρκων της Enel Green Power.",
    "image": "https://i1.prth.gr/images/w640/files/2019-10-15/mitsokafire.jpg",
    "link": "https://www.protothema.gr/politics/article/935602/mitsotakis-apo-kafirea-stohos-i-protoporia-stis-ananeosimes-piges/?utm_source=rss",
    "published": 2019-10-15T12:43:00.000Z,
    "title": "Μητσοτάκης από Καφηρέα: Στόχος η πρωτοπορία στις Ανανεώσιμες Πηγές",
  },
  Object {
    "author": null,
    "description": "Η τροπολογία έρχεται μετά την επιθυμία του νέου διοικητή κ.Θανάση Μαρτίνου να μην λαμβάνει μισθό",
    "image": "https://i1.prth.gr/images/w640/files/2019-10-15/martinos.jpg",
    "link": "https://www.protothema.gr/politics/article/935570/agio-oros-me-tropologia-o-dioikitis-borei-na-prosferei-amisthi-tis-upiresies-tou/?utm_source=rss",
    "published": 2019-10-15T11:22:00.000Z,
    "title": "Άγιο Όρος: Με τροπολογία ο διοικητής μπορεί να προσφέρει αμισθί τις υπηρεσίες του",
  },
  Object {
    "author": null,
    "description": "«Η σημερινή παρέμβαση του Κινήματος Αλλαγής είναι ένα μήνυμα αλληλεγγύης στην Σαραρέ και σε όλους τους κατατρεγμένους ανθρώπους» ανέφερε ο Θόδωρος Μαργαρίτης",
    "image": "https://i1.prth.gr/images/w640/files/2019-10-15/4922927_areios_pagos2_.jpg",
    "link": "https://www.protothema.gr/politics/article/935556/kinima-allagis-parastasi-diamarturias-exo-apo-ton-areio-pago-gia-tin-irani-prosfuga/?utm_source=rss",
    "published": 2019-10-15T10:43:00.000Z,
    "title": "Κίνημα Αλλαγής: Παράσταση διαμαρτυρίας έξω από τον Άρειο Πάγο για την Ιρανή πρόσφυγα",
  },
  Object {
    "author": null,
    "description": "Ο κυβερνητικός εκπρόσωπος Στέλιος Πέτσας έκανε τον απολογισμό του έργου της κυβέρνησης της Νέας Δημοκρατίας για τις 100 μέρες που πέρασαν και παρουσίασε τα σχέδια και τις δράσεις για 100 επόμενες",
    "image": "https://i1.prth.gr/images/w640/files/2019-09-14/petsas.jpg",
    "link": "https://www.protothema.gr/politics/article/935553/petsas-erhodai-metra-12-dis-gia-tin-anathermansi-tis-oikonomias-kai-tin-koinoniki-stirixi/?utm_source=rss",
    "published": 2019-10-15T10:35:00.000Z,
    "title": "Πέτσας: Έρχονται μέτρα €1,2 δισ. για την αναθέρμανση της οικονομίας και την κοινωνική στήριξη",
  },
  Object {
    "author": null,
    "description": "Η υπουργός Παιδείας απαντά στον ΣΥΡΙΖΑ που την κατηγορεί για τον τρόπο επιλογής των σημαιοφόρων και ισχυρίζεται ότι παρακάμπτει τη νομολογία του ΣτΕ",
    "image": "https://i1.prth.gr/images/w640/files/2019-09-28/kerameos.jpg",
    "link": "https://www.protothema.gr/politics/article/935518/kerameos-gia-simaioforous-theloume-na-perasoume-ena-minuma-uper-tis-prospatheias-kai-ohi-uper-tis-tuhis/?utm_source=rss",
    "published": 2019-10-15T09:31:00.000Z,
    "title": "Κεραμέως για σημαιοφόρους: Θέλουμε να περάσουμε ένα μήνυμα υπέρ της προσπάθειας και όχι υπέρ της τύχης",
  },
  Object {
    "author": null,
    "description": "«Όλοι όσοι δεν δικαιούνται διεθνούς προστασίας να επιστρέφονται. Κανονικά στα νησιά δεν θα έπρεπε να υπάρχει ούτε ένας μετανάστης», λέει ο Δημήτρης Αβραμόπουλος - Θα αλλάξει η νομική βάση χορήγησης ασύλου, λέει ο Κουμουτσάκος",
    "image": "https://i1.prth.gr/images/w640/files/2019-10-15/ch/metanastes_ar.jpg",
    "link": "https://www.protothema.gr/politics/article/935510/metanasteutiko-i-europi-anisuhei-gia-rizospastikopoiimenous-islamistes-kai-katarreusi-ton-hot-spot/?utm_source=rss",
    "published": 2019-10-15T09:14:00.000Z,
    "title": "Μεταναστευτικό: Η Ευρώπη ανησυχεί για ριζοσπαστικοποιημένους ισλαμιστές και κατάρρευση των hot spot",
  },
  Object {
    "author": null,
    "description": "Ο πρώην πρωθυπουργός σκέφτεται να γράψει βιβλίο",
    "image": "https://i1.prth.gr/images/w640/files/2019-10-15/alexdd.jpg",
    "link": "https://www.protothema.gr/politics/article/935475/alexis-tsipras-isos-prepei-na-doso-onomata-kai-dieuthunseis-gia-to-ti-pragmatika-egine-to-2015/?utm_source=rss",
    "published": 2019-10-15T07:54:00.000Z,
    "title": "Αλέξης Τσίπρας: Ίσως πρέπει να δώσω ονόματα και διευθύνσεις για το τι πραγματικά έγινε το 2015",
  },
  Object {
    "author": null,
    "description": "Πρόταση με αφορμή την πρόταση του επικεφαλής της παράταξης «Ανοιχτή Πόλη» Νάσου Ηλιόπουλου να μετονομαστεί η οδός Γλάδστωνος σε «Ζακ Κωστόπουλου»",
    "image": "https://i1.prth.gr/images/w640/files/2019-10-15/kes.png",
    "link": "https://www.protothema.gr/politics/article/935380/bakogiannis-adi-na-metonomastei-dromos-se-zak-kostopoulou-na-ginei-mnimeio-kata-tis-misallodoxias/?utm_source=rss",
    "published": 2019-10-15T04:31:00.000Z,
    "title": "Μπακογιάννης: Αντί να μετονομαστεί δρόμος σε «Ζακ Κωστόπουλου» να γίνει μνημείο κατά της μισαλλοδοξίας",
  },
  Object {
    "author": null,
    "description": "Τι ανέφεραν ορισμένοι από τους πρωταγωνιστές του ελληνικού δράματος στην παρουσίαση του βιβλίου «η Τελευταία Μπλόφα»",
    "image": "https://i1.prth.gr/images/w640/files/2019-10-14/21755361.jpg",
    "link": "https://www.protothema.gr/politics/article/935367/omovrodia-apokalupseon-gia-to-2015-i-kuvernisi-suriza-ithele-grexit-kai-eihe-zitisei-apo-ti-rosia-na-tuposei-drahmes/?utm_source=rss",
    "published": 2019-10-15T03:56:00.000Z,
    "title": "Ομοβροντία αποκαλύψεων για το 2015: Η κυβέρνηση ΣΥΡΙΖΑ ήθελε Grexit και είχε ζητήσει από τη Ρωσία να τυπώσει δραχμές",
  },
  Object {
    "author": null,
    "description": "«Αγκάθι» η αμοιβή των ήδη συμβεβλημένων ιατρών",
    "image": "https://i1.prth.gr/images/w640/files/2019-09-11/doctor_writes.jpg",
    "link": "https://www.protothema.gr/politics/article/935365/upourgeio-ugeias-agonas-dromou-gia-tis-sumvaseis-me-800-oikogeneiakous-giatrous/?utm_source=rss",
    "published": 2019-10-15T03:47:00.000Z,
    "title": "Υπουργείο Υγείας: Αγώνας δρόμου για τις συμβάσεις με 800 οικογενειακούς γιατρούς",
  },
  Object {
    "author": null,
    "description": "Σε μια -κατά βάση- αυτοβιογραφική συνέντευξη ο πρωθυπουργός μίλησε λιγότερο για τα θέματα της πολιτικής επικαιρότητας και περισσότερο για τα παιδικά του χρόνια, τη φοιτητική ζωή του, τη γνωριμία με τη σύζυγό του Μαρέβα, τον ρόλο της οικογένειας στη ζωή του",
    "image": "https://i1.prth.gr/images/w640/files/2019-10-15/mhtsotakis_ar.jpg",
    "link": "https://www.protothema.gr/politics/article/935362/mitsotakis-gia-psifo-apodimon-eimai-diatetheimenos-na-kano-upohoriseis/?utm_source=rss",
    "published": 2019-10-15T03:34:00.000Z,
    "title": "Μητσοτάκης για ψήφο αποδήμων: Είμαι διατεθειμένος να κάνω υποχωρήσεις",
  },
  Object {
    "author": null,
    "description": "Πιστός στην ίδια τακτική -Τι είπε ο πρόεδρος του ΣΥΡΙΖΑ για το κόμμα του, το προσφυγικό, τις επιλογές που έκανε στο α΄ εξάμηνο του 2015, τις σχέσεις με την Τουρκία",
    "image": "https://i1.prth.gr/images/w640/files/2019-10-09/TSIPRAS.jpg",
    "link": "https://www.protothema.gr/politics/article/935346/kamia-autokritiki-apo-ton-alexi-tsipra-stin-ahaia/?utm_source=rss",
    "published": 2019-10-14T23:13:00.000Z,
    "title": "Καμία αυτοκριτική από τον Αλέξη Τσίπρα στην Αχαΐα",
  },
  Object {
    "author": null,
    "description": "Εκτίμησε ότι θα βρεθούν οι 200 βουλευτές για την ψήφο των αποδήμων - Απέρριψε τα σενάρια εκλογικού αιφνιδιασμού και τόνισε: «Αν δεν καταφέρουμε να συγκεντρώσουμε τις 200 ψήφους για αλλαγή του εκλογικού νόμου, τότε οι επόμενες εκλογές θα είναι διπλές» - «Δε",
    "image": "https://i1.prth.gr/images/w640/files/2019-10-15/mitsotakis_mainn.jpg",
    "link": "https://www.protothema.gr/politics/article/935336/mitsotakis-ithela-kai-tin-epistoliki-psifo-eimai-diatetheimenos-na-kano-upohorisi/?utm_source=rss",
    "published": 2019-10-14T22:41:00.000Z,
    "title": "Μητσοτάκης: Ήθελα και την επιστολική ψήφο, είμαι διατεθειμένος να κάνω υποχώρηση",
  },
  Object {
    "author": null,
    "description": "Στην παρουσίαση του βιβλίου «Η τελευταία μπλόφα» -  Σπίγκελ: Ο Τσίπρας έκανε τρομερά λάθη, ενώ ο Βαρουφάκης ήταν εκεί για να γίνει διάσημος  - Βίζερ: Το 2015 η κυβέρνηση δεν ήθελε να μείνει στην ευρωζώνη - Στουρνάρας: Ο ΣΥΡΙΖΑ είχε ζητήσει από τη Ρωσία να ",
    "image": "https://i1.prth.gr/images/w640/files/2019-10-14/21755361.jpg",
    "link": "https://www.protothema.gr/politics/article/935316/vizer-stournaras-kai-spigel-miloun-gia-ta-lathi-to-krisimo-a-examino-tou-2015/?utm_source=rss",
    "published": 2019-10-14T19:13:00.000Z,
    "title": "Βίζερ, Στουρνάρας και Σπίγκελ μίλησαν για τα «λάθη» το κρίσιμο α' εξάμηνο του 2015",
  },
  Object {
    "author": null,
    "description": "«Σήμερα κάνουμε ένα πολύ μεγάλο βήμα» τόνισε ο δήμαρχος Αθηναίων - Διατύπωσε ακόμη την πρόταση να δημιουργηθεί στην Αθήνα ένα μνημείο κατά του ρατσισμού",
    "image": "https://i1.prth.gr/images/w640/files/2019-10-14/mpakogiannis-kostas.jpg",
    "link": "https://www.protothema.gr/politics/article/935306/bakogiannis-sholikes-epitropes-kai-stis-epta-dimotikes-koinotites-tis-athinas/?utm_source=rss",
    "published": 2019-10-14T18:13:00.000Z,
    "title": "Μπακογιάννης: Σχολικές Επιτροπές και στις επτά δημοτικές κοινότητες της Αθήνας",
  },
  Object {
    "author": null,
    "description": "Σύμφωνα με ανακοίνωση του WWF, «ο πρωθυπουργός δεσμεύτηκε για πλήρη απεξάρτηση της χώρας από τον λιγνίτη έως το 2028 και για απόσυρση πλαστικών μιας χρήσης έως το 2021»",
    "image": "https://i1.prth.gr/images/w640/files/2019-10-14/mits.png",
    "link": "https://www.protothema.gr/politics/article/935295/mitsotakis-wwf-sto-epikedro-i-apodesmeusi-apo-ton-ligniti-kai-i-aposursi-plastikon/?utm_source=rss",
    "published": 2019-10-14T17:15:00.000Z,
    "title": "Μητσοτάκης - WWF: Στο επίκεντρο η αποδέσμευση από τον λιγνίτη και η απόσυρση πλαστικών",
  },
  Object {
    "author": null,
    "description": "«Όπως αποδείχτηκε, είτε δεν πίστευε είτε δεν καταλάβαινε το σχέδιό μας - Άνοιγε μέτωπα με όλους, συχνά αχρείαστα ή σε δευτερεύοντα θέματα» είπε για τον Γιάνη Βαρουφάκη - Απάντησε και στον Τσακαλώτο για την μόλυνση από την «Πασοκοποίηση του ΣΥΡΙΖΑ» - «Η μόλ",
    "image": "https://i1.prth.gr/images/w640/files/2019-10-14/4918375.jpg",
    "link": "https://www.protothema.gr/politics/article/935281/dragasakis-kata-varoufaki-lathos-pou-tou-anathesame-tin-ulopoiisi-tou-shediou-mas/?utm_source=rss",
    "published": 2019-10-14T16:27:00.000Z,
    "title": "Δραγασάκης κατά Βαρουφάκη: Λάθος που του αναθέσαμε την υλοποίηση του σχεδίου μας",
  },
  Object {
    "author": null,
    "description": "Εκπροσώπους της Deutsche Telekom, του ΟΤΕ, της RWE και της Enel Green Power υποδέχτηκε διαδοχικά στο Μαξίμου ο πρωθυπουργός - Τι συζητήθηκε - Οι επόμενες επενδύσεις στο χώρο των τηλεπικοινωνιών και της ενέργειας",
    "image": "https://i1.prth.gr/images/w640/files/2019-10-14/mitsotakis_main.jpg",
    "link": "https://www.protothema.gr/politics/article/935276/trehei-tis-ependuseis-o-kuriakos-o-neos-rolos-tis-deutsche-telekom/?utm_source=rss",
    "published": 2019-10-14T16:13:00.000Z,
    "title": "«Τρέχει» τις επενδύσεις ο Κυριάκος - Ο «νέος» ρόλος της Deutsche Telekom",
  },
  Object {
    "author": null,
    "description": "Συνολικά, πάνω από το αρχιπέλαγος πέταξαν 8 τουρκικά F-16 και ένα κατασκοπευτικό",
    "image": "https://i1.prth.gr/images/w640/files/2019-10-14/f16-2.jpg",
    "link": "https://www.protothema.gr/politics/article/935273/prokaloun-oi-tourkoi-sto-aigaio-duo-eblokes-kai-edeka-paraviaseis-tou-ellinikou-enaeriou-horou/?utm_source=rss",
    "published": 2019-10-14T16:00:00.000Z,
    "title": "Προκαλούν οι Τούρκοι στο Αιγαίο: Δύο εμπλοκές και έντεκα παραβιάσεις του ελληνικού εναέριου χώρου",
  },
  Object {
    "author": null,
    "description": "Ο Αλέξης Τσίπρας ανακοίνωσε ότι ξεκινά η διαδικασία εγγραφής μελών ηλεκτρονικά – Στόχος η ανασυγκρότηση «όχι μόνον του ΣΥΡΙΖΑ, αλλά και της δημοκρατικής παράταξης»",
    "image": "https://i1.prth.gr/images/w640/files/2019-10-14/tsipras_axaia1.jpg",
    "link": "https://www.protothema.gr/politics/article/935266/tsipras-apo-aurio-i-dunatotita-eggrafis-ston-suriza-meso-ilektronikis-platformas/?utm_source=rss",
    "published": 2019-10-14T15:51:30.000Z,
    "title": "Τσίπρας: Από αύριο η δυνατότητα εγγραφής στον ΣΥΡΙΖΑ μέσω ηλεκτρονικής πλατφόρμας",
  },
  Object {
    "author": null,
    "description": "«Παρακολουθούμε έναν Αττίλα νούμερο 3 στην κυπριακή ΑΟΖ και στα κυπριακά χωρικά ύδατα - Παρακολουθούμε την, κατά παράβαση των αποφάσεων του ΟΗΕ, προώθηση εποικισμού της Αμμοχώστου» τόνισε ο βουλευτής της ΝΔ από την Κύπρο",
    "image": "https://i1.prth.gr/images/w640/files/2019-10-14/223.jpg",
    "link": "https://www.protothema.gr/politics/article/935264/maximos-harakopoulos-i-tourkia-sunehizei-ston-aparadekto-dromo-tou-1974/?utm_source=rss",
    "published": 2019-10-14T15:45:00.000Z,
    "title": "Μάξιμος Χαρακόπουλος: Η Τουρκία συνεχίζει στον απαράδεκτο δρόμο του 1974",
  },
  Object {
    "author": null,
    "description": "Συνομιλία με φορείς και κατοίκους του νησιού είχε ο υπουργός Τουρισμού -  «Το υπουργείο θα στηρίξει πρωτοβουλίες φορέων του νησιού που αφορούν στην επιμήκυνση της τουριστικής περιόδου»  ανέφερε μεταξύ άλλων",
    "image": "https://i1.prth.gr/images/w640/files/2019-03-26/theoxaris.jpg",
    "link": "https://www.protothema.gr/politics/article/935263/theoharis-anakoinose-desmi-energeion-gia-tin-touristiki-provoli-kai-anaptuxi-tis-samothrakis/?utm_source=rss",
    "published": 2019-10-14T15:41:00.000Z,
    "title": "Θεοχάρης: Ανακοίνωσε δέσμη ενεργειών για την τουριστική προβολή και ανάπτυξη της Σαμοθράκης",
  },
  Object {
    "author": null,
    "description": "Μετά το τέλος των εργασιών του Συμβουλίου Εξωτερικών Υποθέσεων, ο Νίκος Δένδιας τόνισε ότι η Ευρώπη πήγε ένα βήμα παραπέρα από προηγούμενες αποφάσεις με τα μέτρα κατά νομικών και φυσικών προσώπων",
    "image": "https://i1.prth.gr/images/w640/files/2019-10-14/dendias2.jpg",
    "link": "https://www.protothema.gr/politics/article/935237/dendias-otan-i-tourkia-paravainei-to-diethnes-dikaio-ofeiloun-na-uparhoun-kuroseis/?utm_source=rss",
    "published": 2019-10-14T14:34:55.000Z,
    "title": "Δένδιας: Όταν η Τουρκία παραβαίνει το διεθνές δίκαιο, οφείλουν να υπάρχουν κυρώσεις",
  },
  Object {
    "author": null,
    "description": "To Συμβούλιο Εξωτερικών Υποθέσεων αποφάσισε ομόφωνα να εγκαθιδρύσει καθεστώς κυρώσεων εναντίον φυσικών και νομικών προσώπων, που είναι υπεύθυνα ή εμπλέκονται στις έκνομες ενέργειες της Τουρκίας εντός της Κυπριακής ΑΟΖ",
    "image": "https://i1.prth.gr/images/w640/files/2019-10-14/4922727.jpg",
    "link": "https://www.protothema.gr/politics/article/935235/leukosia-minuma-stin-tourkia-i-apofasi-ton-etairon-gia-stoheumena-metra/?utm_source=rss",
    "published": 2019-10-14T14:30:00.000Z,
    "title": "Λευκωσία: Μήνυμα στην Τουρκία η απόφαση των εταίρων για στοχευμένα μέτρα",
  },
  Object {
    "author": null,
    "description": "Στον πρώτο σταθμό της περιοδείας του για τη διεύρυνση του κόμματος, ο Αλέξης Τσίπρας τόνισε ότι ο ΣΥΡΙΖΑ θέλει να ανοίξει τις πόρτες του στον απλό δημοκρατικό κόσμο – Άσκησε κριτική στη Νέα Δημοκρατία ότι η αντίληψή της στηρίζει τις ελίτ",
    "image": "https://i1.prth.gr/images/w640/files/2019-10-14/tsipras_axaia.jpg",
    "link": "https://www.protothema.gr/politics/article/935215/tsipras-stin-akrata-theloume-nea-shesi-tou-suriza-me-tin-politiki-kai-tous-polites/?utm_source=rss",
    "published": 2019-10-14T13:43:40.000Z,
    "title": "Τσίπρας στην Ακράτα: Θέλουμε νέα σχέση του ΣΥΡΙΖΑ με την πολιτική και τους πολίτες",
  },
  Object {
    "author": null,
    "description": "Ο υπουργός Εξωτερικών τονίζει ότι η Συμφωνία έχει κυρωθεί από την Βουλή και έχει τεθεί σε ισχύ, «κατά συνέπεια, δεν αλλάζει κατά το δοκούν»",
    "image": "https://i1.prth.gr/images/w640/files/2019-10-14/nikos-dendias.jpg",
    "link": "https://www.protothema.gr/politics/article/935194/dendias-gia-sumfonia-ton-prespon-to-kratos-ehei-suneheia/?utm_source=rss",
    "published": 2019-10-14T12:33:00.000Z,
    "title": "Δένδιας για Συμφωνία των Πρεσπών: Το κράτος έχει συνέχεια",
  },
  Object {
    "author": null,
    "description": "Οι υπουργοί Εξωτερικών αποφάσισαν απαγόρευση εισόδου για όσους εμπλέκονται ή είναι υπεύθυνοι για τις γεωτρήσεις – Παγώνουν τα περιουσιακά στοιχεία για φυσικά και νομικά πρόσωπα που εμπλέκονται σε αυτές",
    "image": "https://i1.prth.gr/images/w640/files/2019-10-14/commision1.jpg",
    "link": "https://www.protothema.gr/politics/article/935189/ee-stoheumena-metra-kata-tis-tourkias-gia-tis-paranomes-geotriseis-sti-kupriaki-aoz/?utm_source=rss",
    "published": 2019-10-14T12:21:00.000Z,
    "title": "ΕΕ: Στοχευμένα μέτρα κατά της Τουρκίας για τις παράνομες γεωτρήσεις στη Κυπριακή ΑΟΖ",
  },
  Object {
    "author": null,
    "description": "Βασικά θέματα που θα απασχολήσουν το Συμβούλιο σήμερα είναι οι παράνομες δραστηριότητες της Τουρκίας στην κυπριακή ΑΟΖ, οι εξελίξεις στη Συρία και οι εκεί στρατιωτικές επιχειρήσεις της Τουρκίας",
    "image": "https://i1.prth.gr/images/w640/files/2019-10-14/dendias.jpg",
    "link": "https://www.protothema.gr/politics/article/935101/sunadisi-dendia-me-ton-apestalmeno-oie-gia-ti-suria-sto-louxemvourgo/?utm_source=rss",
    "published": 2019-10-14T09:32:00.000Z,
    "title": "Συνάντηση Δένδια με τον απεσταλμένο ΟΗΕ για τη Συρία στο Λουξεμβούργο",
  },
  Object {
    "author": null,
    "description": "Αυτό το «επεισόδιο» από το πρώτο εξάμηνο της διακυβέρνσης ΣΥΡΙΖΑ επέλεξε ο Πίτερ Σπίγκελ των FT από το «Η τελευταία μπλόφα» για να δείξει ότι το βίβλιο θα θυμίζει για πάντα πόση ζημιά μπορεί να προκαλέσουν οι λαϊκιστές όταν αναλαμβάνουν τη διακυβέρνηση",
    "image": "https://i1.prth.gr/images/w640/files/2019-10-14/tsipras-merkel-arhtro.jpg",
    "link": "https://www.protothema.gr/politics/article/935098/financial-times-otan-i-merkel-eipe-ston-tsipra-tha-fero-ton-soible-kai-ekeinos-hlomiase/?utm_source=rss",
    "published": 2019-10-14T09:29:00.000Z,
    "title": "Financial Times: Όταν η Μέρκελ είπε στον Τσίπρα «θα φέρω τον Σόιμπλε» και εκείνος χλώμιασε",
  },
  Object {
    "author": null,
    "description": "Άμεση ήταν η επέμβαση της αστυνομίας όπου συνέλαβε τον δράστη",
    "image": "https://i1.prth.gr/images/w640/files/2019-10-14/biasd.jpg",
    "link": "https://www.protothema.gr/politics/article/935068/sunelifthi-26hronos-stin-ko-gia-duo-apopeires-viasmou/?utm_source=rss",
    "published": 2019-10-14T08:39:00.000Z,
    "title": "Συνελήφθη 26χρονος στην Κω για δύο απόπειρες βιασμού",
  },
  Object {
    "author": null,
    "description": "Με την αντιμετώπιση των συνεπειών της κλιματικής αλλαγής συνέδεσε ο πρώην υπουργός Οικονομικών τον υψηλό Ειδικό Φόρο Κατανάλωσης στα καύσιμα που έχει συνέπεια την εκτόξευση της τιμής τους - Αυτοκριτική για την κυβερνητική θητεία του ΣΥΡΙΖΑ",
    "image": "https://i1.prth.gr/images/w640/files/2019-10-14/Tsakalotos_Efklidis.jpg",
    "link": "https://www.protothema.gr/politics/article/935056/tsakalotos-to-akrivo-petrelaio-thermansis-einai-kalo-gia-to-perivallon/?utm_source=rss",
    "published": 2019-10-14T08:15:00.000Z,
    "title": "Τσακαλώτος: Το ακριβό πετρέλαιο θέρμανσης είναι καλό για το περιβάλλον!",
  },
  Object {
    "author": null,
    "description": "Θεοδωρικάκος στον ΘΕΜΑ 104,6: Δεν θέλουμε να ψηφίζουν για την Ελλάδα άνθρωποι που απλά έχουν ελληνική καταγωγή - Πιστεύω ότι μέσα στον μήνα μπορούμε να ψηφίσουμε το νόμο, πρόσθεσε ο υπ.Εσωτερικών - Σήμερα οι επιστολές στα κόμματα - Οι τέσσερις προτάσεις πο",
    "image": "https://i1.prth.gr/images/w640/files/2019-10-14/ch/mhtsotakis_ar.jpg",
    "link": "https://www.protothema.gr/politics/article/935045/psifos-apodimon-trehei-i-sugrotisi-diakommatikis-epitropis/?utm_source=rss",
    "published": 2019-10-14T07:57:00.000Z,
    "title": "Ψήφος αποδήμων: «Τρέχει» η συγκρότηση διακομματικής επιτροπής",
  },
  Object {
    "author": null,
    "description": "Η Τουρκία δεν έφυγε ποτέ με την πέννα από εκεί όπου ο στρατός της μπήκε με την ξιφολόγχη γράφει ο πρώην αρχηγός ΓΕΕΘΑ με αφορμή την εισβολή της Τουρκίας στη βόρεια Συρία",
    "image": "https://i1.prth.gr/images/w640/files/2019-10-14/ch/kwstarakos_ar.jpg",
    "link": "https://www.protothema.gr/politics/article/935029/stratigos-kostarakos-i-tourkia-den-blofarei/?utm_source=rss",
    "published": 2019-10-14T07:12:00.000Z,
    "title": "Στρατηγός Κωσταράκος: Η Τουρκία δεν μπλοφάρει",
  },
  Object {
    "author": null,
    "description": "Μήνυμα πειθαρχίας η θεσμοθέτηση ανώτατου χρονικού ορίου ολοκλήρωσης σπουδών δήλωσε η υπ. Παιδείας στον ΘΕΜΑ 104,6 με αφορμή τις αντιδράσεις και καταλήψεις σε διάφορα ΑΕΙ της χώρας",
    "image": "https://i1.prth.gr/images/w640/files/2019-10-14/keramoes-1.jpg",
    "link": "https://www.protothema.gr/politics/article/935016/kerameos-ston-thema-1046-minuma-uper-tis-prospatheias-i-katargisi-tis-klirosis-gia-tous-simaioforous/?utm_source=rss",
    "published": 2019-10-14T06:56:00.000Z,
    "title": "Κεραμέως στον ΘΕΜΑ 104,6: Μήνυμα υπέρ της προσπάθειας η κατάργηση της κλήρωσης για τους σημαιοφόρους",
  },
  Object {
    "author": null,
    "description": "Πρόβλημα το μεταναστευτικό - Συντριπτικές οι θετικές γνώμες για την ψήφο των αποδήμων",
    "image": "https://i1.prth.gr/images/w640/files/2019-10-14/ch/dhmoskopisi_ar.jpg",
    "link": "https://www.protothema.gr/politics/article/934988/galop-opinion-poll-ikanopoiisi-gia-kuvernisi-kai-mitsotaki/?utm_source=rss",
    "published": 2019-10-14T05:16:00.000Z,
    "title": "Γκάλοπ Opinion Poll: «Ναι» στην προανακριτική για Παπαγγελόπουλο και την οικονομία",
  },
  Object {
    "author": null,
    "description": "«Κοκκινη γραμμή» για την κυβέρνηση η συνταγματική ισότητα της ψήφου - Η θέση Κουτσούμπα που έγειρε την πλάστιγγα υπέρ της προσμέτρησης της ψήφου στο τελικό εκλογικό αποτέλεσμα και τα τέσσερα σενάρια για τους υποψηφίους που θα στηρίζουν οι Ελληνες του εξωτε",
    "image": "https://i1.prth.gr/images/w640/files/2019-10-14/ch/tsipras_ar.jpg",
    "link": "https://www.protothema.gr/politics/article/934970/psifos-apodimon-ta-tessera-senaria-meta-tis-sunadiseis-mitsotaki-politikon-arhigon/?utm_source=rss",
    "published": 2019-10-14T04:05:50.000Z,
    "title": "Ψήφος αποδήμων: Τα τέσσερα σενάρια μετά τις συναντήσεις Μητσοτάκη-πολιτικών αρχηγών",
  },
  Object {
    "author": null,
    "description": "Η ελληνική οικονομία σημειώνει και πάλι ανάπτυξη και εκείνο που με ενδιέφερε ήταν η θέση της Ελλάδας στην Ευρωζώνη και η αξιοπρέπεια του ελληνικού λαού ανέφερε σε συνέντευξή του",
    "image": "https://i1.prth.gr/images/w640/files/2019-10-13/epifulakseis-apo-giounker-gia-ton-eurwpaiko-tropo-zwis_w_l.jpg",
    "link": "https://www.protothema.gr/politics/article/934932/giounker-i-ellada-eprepe-na-parameinei-stin-eurozoni-kata-tropo-mi-anastrepsimo/?utm_source=rss",
    "published": 2019-10-13T20:04:00.000Z,
    "title": "Γιούνκερ: Η Ελλάδα έπρεπε να παραμείνει στην Ευρωζώνη κατά τρόπο μη αναστρέψιμο",
  },
  Object {
    "author": null,
    "description": "«Η  ταυτότητα και η ιστορία της περιοχής δεν απειλούνται από το σπάσιμο του ”άβατου”, οι ναρκέμποροι, η βία και η ανομία τα διαλύουν» τονίζει ο υπουργός Προστασίας του Πολίτη",
    "image": "https://i1.prth.gr/images/w640/files/2019-10-13/4914442.jpg",
    "link": "https://www.protothema.gr/politics/article/934903/hrusohoidis-ta-exarheia-tha-ginoun-kanoniki-geitonia/?utm_source=rss",
    "published": 2019-10-13T17:11:00.000Z,
    "title": "Χρυσοχοΐδης: Τα Εξάρχεια θα γίνουν κανονική γειτονιά",
  },
  Object {
    "author": null,
    "description": "Ο πρώην πρόεδρος της Βουλής επαναλαμβάνει ότι το '15 υπήρξε μια έλλειψη ετοιμότητας στον ΣΥΡΙΖΑ - Υποστηρίζει ότι δεν υπάρχει πολιτική σκευωρία στην υπόθεση Novartis",
    "image": "https://i1.prth.gr/images/w640/files/2019-10-13/voy12.jpg",
    "link": "https://www.protothema.gr/politics/article/934893/voutsis-sto-sunedrio-tha-eklegoun-o-proedros-kai-i-kedriki-epitropi-tou-suriza/?utm_source=rss",
    "published": 2019-10-13T15:27:00.000Z,
    "title": "Βούτσης: Στο συνέδριο θα εκλεγούν ο πρόεδρος και η Κεντρική Επιτροπή του ΣΥΡΙΖΑ",
  },
  Object {
    "author": null,
    "description": "Η ΟΝΝΕΔ Πεντέλης διατύπωσε την αντίθεσή της  στη μεταφορά προσφύγων και μεταναστών στο νοσοκομείο Αμαλία Φλέμινγκ, σημειώνοντας ότι η παρουσία τους «θα προσελκύσει εγκληματίες»",
    "image": "https://i1.prth.gr/images/w640/files/2019-10-13/oned12.jpg",
    "link": "https://www.protothema.gr/politics/article/934892/paraitithike-i-proedros-tis-onned-pedelis/?utm_source=rss",
    "published": 2019-10-13T15:15:00.000Z,
    "title": "Παραιτήθηκε η πρόεδρος της ΟΝΝΕΔ Πεντέλης μετά το σάλο",
  },
  Object {
    "author": null,
    "description": "«Θα εργαστώ ακούραστα προκειμένου να επιτύχουμε επιτέλους αυτό που όλοι επιδιώκουμε, ειρηνική λύση του Κυπριακού», είπε ο Κύπριος πρόεδρος",
    "image": "https://i1.prth.gr/images/w640/files/2019-10-13/anasta_aki.jpg",
    "link": "https://www.protothema.gr/politics/article/934845/anastasiadis-etoimos-gia-dialogo-me-akidzi-horis-enstaseis-gia-ton-topo-kai-tin-imerominia/?utm_source=rss",
    "published": 2019-10-13T10:28:19.000Z,
    "title": "Αναστασιάδης: Έτοιμος για διάλογο με Ακιντζί χωρίς ενστάσεις για τον τόπο και την ημερομηνία",
  },
  Object {
    "author": null,
    "description": "Μήνυμα προς την Τουρκία έστειλε ο ΠτΔ κατά τις επετειακές εκδηλώσεις για την Ναυμαχία της Ναυπάκτου - Έκανε λόγο για αυθαιρεσίες της Άγκυρας στη Μέση Ανατολή που δεν θα γίνουν ανεκτές από την ΕΕ",
    "image": "https://i1.prth.gr/images/w640/files/2019-10-13/ch/naupaktos_ar.jpg",
    "link": "https://www.protothema.gr/politics/article/934844/paulopoulos-gia-tourkia-oi-autokratorikes-fadasioseis-tis-tha-ehoun-tin-adimetopisi-pou-tous-armozei/?utm_source=rss",
    "published": 2019-10-13T10:26:00.000Z,
    "title": "Παυλόπουλος: Οι «αυτοκρατορικές φαντασιώσεις» της Τουρκίας θα έχουν την αντιμετώπιση που τους αρμόζει",
  },
  Object {
    "author": null,
    "description": "Ανησυχίες εκφράζει ο αναπληρωτής υπουργός Προστασίας του Πολίτη για αύξηση των μεταναστευτικών ροών με αφορμή τις εξελίξεις στη Συρία",
    "image": "https://i1.prth.gr/images/w640/files/2018-11-05/koumoutsakos.jpg",
    "link": "https://www.protothema.gr/politics/article/934826/koumoutsakos-gia-metanasteutiko-i-ellada-den-ehei-aitimata-i-europi-ehei-upohreoseis/?utm_source=rss",
    "published": 2019-10-13T08:47:00.000Z,
    "title": "Κουμουτσάκος για μεταναστευτικό: Η Ευρώπη έχει υποχρεώσεις απέναντι στην Ελλάδα",
  },
  Object {
    "author": null,
    "description": "Ο «γκουρού» της «Γαλάζιας Πατρίδας» Τζεμ Γκιουρντενίζ μιλά στο protothema.gr για τις τουρκικές διεκδικήσεις στο Αιγαίο και για το πώς μπορεί να αποφευχθεί ένα «θερμό επεισόδιο» - Στο «στόχαστρο» της Άγκυρας 153 ελληνικά νησιά, νησίδες και βράχοι στο Αιγαίο",
    "image": "https://i1.prth.gr/images/w640/files/2019-10-13/cem.jpg",
    "link": "https://www.protothema.gr/politics/article/934822/i-tourkia-thelei-dikaii-kai-isi-moirasia-tou-aigaiou-leei-o-theoritikos-tis-galazias-patridas/?utm_source=rss",
    "published": 2019-10-13T08:24:00.000Z,
    "title": "Προκαλεί ο «θεωρητικός» της «Γαλάζιας Πατρίδας»: Η Τουρκία θέλει δίκαιη και ίση μοιρασιά του Αιγαίου",
  },
  Object {
    "author": null,
    "description": "Τα tweet του Τούρκου αντιπροέδρου μετά το «άδειασμα» του Ερντογάν από τον Τουρκοκύπριο ηγέτη κάνουν λόγο για έλλειψη ιστορικής γνώσης - Από την τουρκική επιχείρηση «Πηγή Ειρήνης» στη Συρία δεν χύνεται νερό αλλά αίμα, είχε γράψει νωρίτερα σε post του ο Ακιν",
    "image": "https://i1.prth.gr/images/w640/files/2018-07-19/Akinci.jpg",
    "link": "https://www.protothema.gr/politics/article/934815/thumose-i-agura-kai-o-akidzi-katevase-tin-anartisi-tou-gia-ti-suria/?utm_source=rss",
    "published": 2019-10-13T07:57:00.000Z,
    "title": "Οργισμένη αντίδραση από την Άγκυρα μετά την ανάρτηση του Ακιντζί για τη Συρία",
  },
  Object {
    "author": null,
    "description": "Ο ΠτΔ επικοινώνησε τηλεφωνικώς με τον αθλητή που κατέλαβε την τέταρτη θέση στο Παγκόσμιο Πρωτάθλημα της Στουτγάρδης και τον διαβεβαίωσε για την αμέριστη στήριξη όλων των Ελλήνων",
    "image": "https://i1.prth.gr/images/w640/files/2019-10-13/pet-pavl.jpg",
    "link": "https://www.protothema.gr/politics/article/934806/sugharitiria-paulopoulou-se-petrounia-gia-to-emvlimatiko-athlitiko-upodeigma-pou-ekprosopei/?utm_source=rss",
    "published": 2019-10-13T07:06:00.000Z,
    "title": "Συγχαρητήρια Παυλόπουλου σε Πετρούνια για το εμβληματικό αθλητικό υπόδειγμα που εκπροσωπεί",
  },
  Object {
    "author": null,
    "description": "«H μεγαλύτερη επιθυμία μου είναι να ξεκινήσει ο διάλογος και η διπλωματία όσο το δυνατόν συντομότερα», έγραψε σε ανάρτησή του στο Facebook ο Τουρκοκύπριος ηγέτης",
    "image": "https://i1.prth.gr/images/w640/files/2019-07-13/akinci__1_.jpg",
    "link": "https://www.protothema.gr/politics/article/934800/akidzi-gia-tourkiki-epiheirisi-sti-suria-tin-onomasan-pigi-eirinis-omos-den-hunetai-nero-alla-aima/?utm_source=rss",
    "published": 2019-10-13T06:44:00.000Z,
    "title": "Ο Ακιντζί «αδειάζει» τον Ερντογάν για τη Συρία: Ονόμασαν την επιχείρηση «Πηγή Ειρήνης» όμως δεν χύνεται νερό, αλλά αίμα",
  },
  Object {
    "author": null,
    "description": "Η υπουργός Αμυνας Φλοράνς Παρλί και το επιτελείο των γαλλικών ενόπλων δυνάμεων επιβεβαίωσαν την πραγματοποίηση γαλλοκυπριακής ναυτικής άσκησης και έστειλαν μήνυμα για την αποφασιστικότητα της Γαλλίας να γίνουν οι γεωτρήσεις από TOTAL - ENI στο οικόπεδο 7 τ",
    "image": "https://i1.prth.gr/images/w640/files/2019-10-12/france_corv.jpg",
    "link": "https://www.protothema.gr/politics/article/934752/gallia-tha-voithisoume-tin-kupro-na-askisei-ta-kuriarhika-tis-dikaiomata/?utm_source=rss",
    "published": 2019-10-12T18:16:00.000Z,
    "title": "Γαλλία: Θα βοηθήσουμε την Κύπρο να ασκήσει τα κυριαρχικά της δικαιώματα",
  },
  Object {
    "author": null,
    "description": "«Δεν έπρεπε να εκβιάσουμε τις πολιτικές εξελίξεις» είπε ο ευρωβουλευτής γκρεμίζοντας το αφήγημα ΣΥΡΙΖΑ ότι η Κουμουνδούρου δεν είχε καμία σχέση με την «πτώση» της κυβέρνησης Σαμαρά",
    "image": "https://i1.prth.gr/images/w640/files/2019-10-12/1-18-1024x576.png",
    "link": "https://www.protothema.gr/politics/article/934741/sti-grammi-voutsi-kai-o-kouloglou-den-eprepe-na-ekviasoume-tis-exelixeis-to-14/?utm_source=rss",
    "published": 2019-10-12T17:22:05.000Z,
    "title": "Στη γραμμή Βούτση και ο Κούλογλου: «Δεν έπρεπε να εκβιάσουμε τις εξελίξεις το '14»",
  },
  Object {
    "author": null,
    "description": "Στόχος της Άγκυρας είναι «να καθαρίσει τους Κούρδους από την περιοχή» είπε ο Νιαζί Κιζίλγιουρεκ σε συνέντευξη του στον ραδιοφωνικό σταθμό Πολίτης 107.6 της Κύπρου",
    "image": "https://i1.prth.gr/images/w640/files/2019-10-12/niazi-696x353.jpg",
    "link": "https://www.protothema.gr/politics/article/934699/tourkokuprios-vouleutis-i-epithesi-sti-suria-einai-o-sovinismos-tou-megalou-kratous/?utm_source=rss",
    "published": 2019-10-12T13:19:08.000Z,
    "title": "Τουρκοκύπριος βουλευτής: Η επίθεση στη Συρία είναι ο «σοβινισμός του μεγάλου κράτους»",
  },
  Object {
    "author": null,
    "description": "«Η Σαραρέ Κχαντεμί είναι μια γυναίκα - μητέρα που αναζητά ελευθερία και ασφάλεια γι' αυτήν και την 6χρονη κόρη της Ντιάνα. Μακριά από τη βία και την κακοποίηση του περιβάλλοντος της», έγραψε στο Facebook η Φώφη Γεννηματά",
    "image": "https://i1.prth.gr/images/w640/files/2019-10-12/gen34.jpg",
    "link": "https://www.protothema.gr/politics/article/934698/gennimata-na-min-ekdothei-sto-iran-i-sarare-khademi/?utm_source=rss",
    "published": 2019-10-12T13:15:00.000Z,
    "title": "Γεννηματά: Να μην εκδοθεί στο Ιράν η Σαραρέ Κχαντεμί",
  },
  Object {
    "author": null,
    "description": "Ενώ η Τουρκία συνεχίζει να παραβιάζει κυνικά το διεθνές δίκαιο,οι ισχυροί αυτού του κόσμου «κλείνουν τα μάτια και γυρίζουν την πλάτη» αναφέρει στη δήλωσή της η πρόεδρος του Κινήματος Αλλαγής",
    "image": "https://i1.prth.gr/images/w640/files/2019-09-15/gennimata.jpg",
    "link": "https://www.protothema.gr/politics/article/934686/gennimata-einai-ora-na-bei-fragmos-stin-tourkiki-epithetikotita/?utm_source=rss",
    "published": 2019-10-12T12:00:00.000Z,
    "title": "Γεννηματά: Είναι ώρα να μπει φραγμός στην τουρκική επιθετικότητα",
  },
  Object {
    "author": null,
    "description": "Ο πρωθυπουργός της χώρας ακούει ανθρώπους διαφόρων ηλικιών που ζουν στο εξωτερικό και εκφράζουν την επιθυμία να αποκτήσουν το δικαίωμα να ψηφίσουν στον μόνιμο τόπο διαμονής τους - Δείτε το βίντεο που ανήρτησε στο  twitter",
    "image": "https://i1.prth.gr/images/w640/files/2019-10-12/mhtsotakhs-k-thumb-large.jpg",
    "link": "https://www.protothema.gr/politics/article/934667/o-mitsotakis-akouei-tous-ellines-tou-exoterikou-as-kanoume-epitelous-to-autonoito-praxi/?utm_source=rss",
    "published": 2019-10-12T10:09:00.000Z,
    "title": "Ο Μητσοτάκης «ακούει» τους Έλληνες του εξωτερικού: Ας κάνουμε επιτέλους το αυτονόητο",
  },
  Object {
    "author": null,
    "description": "Ο πρόεδρος της Ελληνικής Λύσης ανήρτησε σημείωμα πληρωμής επιδόματος υπονοώντας ευθέως ότι επρόκειτο για πληρωμή σε αλλοδαπό στην Ελλάδα «ενώ οι Έλληνες πεινάνε»",
    "image": "https://i1.prth.gr/images/w640/files/2019-10-12/velopoulos.jpg",
    "link": "https://www.protothema.gr/politics/article/934645/gafa-velopoulou-proaniggeile-erotisi-sti-vouli-gia-to-epidoma-ston-ahmet-pou-omos-zei-stinkupro/?utm_source=rss",
    "published": 2019-10-12T08:21:00.000Z,
    "title": "Γκάφα Βελόπουλου: Προανήγγειλε ερώτηση στη Βουλή για το «επίδομα στον Αχμέτ» που όμως ζει στην...Κύπρο",
  },
  Object {
    "author": null,
    "description": "H ζητούμενη μεταρρύθμιση αφορά την ψήφο των Ελλήνων που ζουν στο εξωτερικό είτε διότι σπουδάζουν είτε διότι εκεί εργάζονται είτε διότι έχουν φύγει πολλά χρόνια από την χώρα, είπε ο υπουργός Εσωτερικών σε συνέντευξή του στον ΑΝΤ1",
    "image": "https://i1.prth.gr/images/w640/files/2019-10-12/tho12.jpg",
    "link": "https://www.protothema.gr/politics/article/934638/theodorikakos-efikti-i-sumfonia-gia-tin-psifo-ton-apodimon/?utm_source=rss",
    "published": 2019-10-12T07:40:00.000Z,
    "title": "Θεοδωρικάκος: Εφικτή η συμφωνία για την ψήφο των αποδήμων",
  },
  Object {
    "author": null,
    "description": "Αισιόδοξη η κυβέρνηση για ευρεία συναίνεση στο ζήτημα της ψήφου των ομογενών - Μοναδικό «όχι», αυτό του προέδρου του ΣΥΡΙΖΑ, που άφησε αιχμές για «ψηφοθηρία» - Συμφωνία τεσσάρων σημείων με Γεννηματά - «Ναι» υπό προϋποθέσεις από τον Κουτσούμπα, που έθεσε τρ",
    "image": "https://i1.prth.gr/images/w640/files/2019-10-11/mitsotakis-koutsoubas-0.jpg",
    "link": "https://www.protothema.gr/politics/article/934543/psifos-apodimon-oloi-mazi-plin-tsipra-oi-treis-oroi-tou-koutsouba/?utm_source=rss",
    "published": 2019-10-12T04:39:59.000Z,
    "title": "Ψήφος αποδήμων: Όλοι μαζί, πλην Τσίπρα - Οι τρεις όροι του Κουτσούμπα",
  },
  Object {
    "author": null,
    "description": "Ο Κύπριος πρόεδρος Αναστασιάδης τόνισε ότι ο Μπόρις Τζόνσον εξέφρασε την πλήρη στήριξη του",
    "image": "https://i1.prth.gr/images/w640/files/2019-10-11/412651_2472019.jpg",
    "link": "https://www.protothema.gr/politics/article/934593/epikoinonia-anastasiadi-tzonson-apodokimazei-i-vretania-tin-tourkiki-proklitikotita/?utm_source=rss",
    "published": 2019-10-11T19:48:00.000Z,
    "title": "Επικοινωνία Αναστασιάδη - Τζόνσον: Αποδοκιμάζει η Βρετανία την τουρκική προκλητικότητα",
  },
  Object {
    "author": null,
    "description": "Ο υπουργός Άμυνας σημείωσε ότι υπάρχει πιθανότητα να καταπλεύσει στην Κυπριακή ΑΟΖ και ιταλική φρεγάτα",
    "image": "https://i1.prth.gr/images/w640/files/2019-10-11/panagiotopoulos0.jpg",
    "link": "https://www.protothema.gr/politics/article/934575/panagiotopoulos-oi-galloi-stelnoun-fregata-stin-kupriaki-aoz/?utm_source=rss",
    "published": 2019-10-11T19:03:00.000Z,
    "title": "Παναγιωτόπουλος: Οι Γάλλοι στέλνουν φρεγάτα στην Κυπριακή ΑΟΖ!",
  },
  Object {
    "author": null,
    "description": "Με ανάρτησή του στο twitter ο πρωθυπουργός στέλνει μήνυμα για να θεσπιστεί από το ελληνικό κοινοβούλιο η ψήφος των ελλήνων ομογενών από τον τόπο διαμονής τους",
    "image": "https://i1.prth.gr/images/w640/files/2019-10-11/1479054-kyriakos-930.jpg",
    "link": "https://www.protothema.gr/politics/article/934548/mitsotakis-gia-psifo-apodimon-na-apokatastisoume-tin-adikia/?utm_source=rss",
    "published": 2019-10-11T17:04:00.000Z,
    "title": "Μητσοτάκης για ψήφο Αποδήμων: Να αποκαταστήσουμε την αδικία",
  },
  Object {
    "author": null,
    "description": "Διαβάστε ολόκληρη της διακήρυξης της 15ης άτυπης συνόδου του «Arraiolos Group»",
    "image": "https://i1.prth.gr/images/w640/files/2019-10-11/prokopavloetc.jpg",
    "link": "https://www.protothema.gr/politics/article/934545/anagi-gia-ishuri-enosi-isotimon-etairon-to-minuma-tis-diakiruxis-ton-athinon/?utm_source=rss",
    "published": 2019-10-11T16:46:53.000Z,
    "title": "Ανάγκη για Ισχυρή Ένωση Ισότιμων Εταίρων, το μήνυμα της «Διακήρυξης των Αθηνών»",
  },
  Object {
    "author": null,
    "description": "Παρέμβαση του Προέδρου της Δημοκρατίας  στη Β΄ Συνεδρίαση του «Αrraiolos Group» με θέμα τις σύγχρονες προκλήσεις ως προς την ασφάλεια της ΕΕ και των Κρατών-Μελών της",
    "image": "https://i1.prth.gr/images/w640/files/2019-10-11/pavlopoulos.jpg",
    "link": "https://www.protothema.gr/politics/article/934525/paulopoulos-themeliodes-gia-tin-europaiki-enopoiisi-i-asfaleia-ton-kraton-melon-tis-ee/?utm_source=rss",
    "published": 2019-10-11T15:52:00.000Z,
    "title": "Παυλόπουλος: Θεμελιώδες για την ευρωπαϊκή ενοποίηση η ασφάλεια των κρατών - μελών της ΕΕ",
  },
  Object {
    "author": null,
    "description": "«Οι Έλληνες που διαμένουν στο εξωτερικό πρέπει να διευκολυνθούν στην άσκηση ενός θεμελιώδους συνταγματικού δικαιώματός τους - Αυτή η ευκαιρία δεν πρέπει να πάει χαμένη» αναφέρει η κυβέρνηση - Τι προηγήθηκε στις συναντήσεις με τους πολιτικούς αρχηγούς",
    "image": "https://i1.prth.gr/images/w640/files/2019-10-11/0001_DPC1397.jpg",
    "link": "https://www.protothema.gr/politics/article/934515/psifos-apodimon-sovaro-perithorio-ousiastikis-suglisis-vlepei-i-kuvernisi/?utm_source=rss",
    "published": 2019-10-11T15:34:00.000Z,
    "title": "Ψήφος Αποδήμων: Σοβαρό περιθώριο ουσιαστικής σύγκλισης βλέπει η κυβέρνηση",
  },
  Object {
    "author": null,
    "description": "Δηλώσεις του γ.γ. του ΚΚΕ μετά τη συνάντησή του με τον πρωθυπουργό",
    "image": "https://i1.prth.gr/images/w640/files/2019-10-11/koutsoubas-mitsotakis.jpg",
    "link": "https://www.protothema.gr/politics/article/934479/psifos-ton-omogenon-nai-me-enstaseis-apo-ton-koutsouba/?utm_source=rss",
    "published": 2019-10-11T14:14:00.000Z,
    "title": "Ψήφος των ομογενών: «Ναι» με ενστάσεις από τον Κουτσούμπα",
  },
  Object {
    "author": null,
    "description": "Οι βουλευτές του ΣΥΡΙΖΑ, μεταξύ των οποίων και ο πρώην υπουργός Μεταναστευτικής Πολιτικής Δημήτρης Βίτσας αναφέρονται στην ασφυκτική κατάσταση, που επικρατεί στο Κέντρο Υποδοχής και Ταυτοποίησης ΒΙΑΛ της Χίου με αποτέλεσμα τις «αυξημένες ζημιές στα πρόσωπα",
    "image": "https://i1.prth.gr/images/w640/files/2019-10-11/me12.jpg",
    "link": "https://www.protothema.gr/politics/article/934449/vouleutes-tou-suriza-zitoun-apozimioseis-gia-tis-zimies-pou-prokaloun-metanastes-sti-hio/?utm_source=rss",
    "published": 2019-10-11T12:58:55.000Z,
    "title": "Βουλευτές του ΣΥΡΙΖΑ ζητούν αποζημιώσεις για τις ζημιές που προκαλούν μετανάστες στη Χίο",
  },
  Object {
    "author": null,
    "description": "Σε ηλικία 86 ετών - Ποιος ήταν ο «αριστοκράτης» της ελληνικής βιομηχανίας, γιος του ιδρυτή της Πειραϊκής - Πατραϊκής",
    "image": "https://i1.prth.gr/images/w640/files/2019-10-11/var45.jpg",
    "link": "https://www.protothema.gr/politics/article/934422/pethane-o-petheros-tou-giani-varoufaki/?utm_source=rss",
    "published": 2019-10-11T12:22:00.000Z,
    "title": "Πέθανε ο Φαίδων Στράτος, πεθερός του Γιάνη Βαρουφάκη",
  },
  Object {
    "author": null,
    "description": "Δεδομένη η αρνητική στάση του ΣΥΡΙΖΑ, αν και δεν έγιναν δηλώσεις μετά τη συνάντηση του πρωθυπουργού με τον Αλέξη Τσίπρα - Συμφωνία τεσσάρων σημείων με την πρόεδρο του ΚΙΝΑΛ, Φώφη Γεννηματά - Έναν καλό εκλογικό νόμο για τους ομογενείς ζήτησε από τον πρωθυπο",
    "image": "https://i1.prth.gr/images/w640/files/2019-10-11/mi0000.jpg",
    "link": "https://www.protothema.gr/politics/article/934426/psifos-apodimon-ohi-apo-tsipra-nai-apo-fofi-krisimo-to-radevou-me-koutsouba/?utm_source=rss",
    "published": 2019-10-11T15:06:15.000Z,
    "title": "Ψήφος αποδήμων: «Ναι» με... αστερίσκους από τον Κουτσούμπα στην πρόταση της κυβέρνησης",
  },
  Object {
    "author": null,
    "description": "Οι παρουσιαστές της ΕΡΤ ζήτησαν διάλειμμα για διαφημίσεις για να σταματήσει ο άγριος καβγάς",
    "image": "https://i1.prth.gr/images/w640/files/2019-10-11/ert-kabgas.jpg",
    "link": "https://www.protothema.gr/politics/article/934402/kavgas-on-air-panagiotopoulou-tzanakopoulou-ta-dosate-ola-gia-tin-karekla-mipos-eimaste-kai-prodotes/?utm_source=rss",
    "published": 2019-10-11T11:08:00.000Z,
    "title": "Καβγάς on air Παναγιωτόπουλου-Τζανακόπουλου: Τα δώσατε όλα για την καρέκλα - Μήπως είμαστε και προδότες;",
  },
  Object {
    "author": null,
    "description": "Η Φώφη Γεννηματά είπε «ναι» στον πρωθυπουργό για την ψήφο των Ελλήνων του εξωτερικού που είναι εγγεγραμμένοι στα δημοτολόγια, για την επιστολική ψήφο, για την προσμέτρηση των ψήφων τους στο εθνικό αποτέλεσμα και για  την εκλογή αντιπροσώπων από την ομογένε",
    "image": "https://i1.prth.gr/images/w640/files/2019-10-11/GEN033.jpg",
    "link": "https://www.protothema.gr/politics/article/934398/psifos-apodimon-nai-tis-gennimata-se-mitsotaki-se-tessera-simeia/?utm_source=rss",
    "published": 2019-10-11T10:53:00.000Z,
    "title": "Ψήφος αποδήμων: Συμφωνία τεσσάρων σημείων στη συνάντηση Μητσοτάκη - Γεννηματά",
  },
  Object {
    "author": null,
    "description": "Ο διάλογος που είχαν ο πρωθυπουργός με την πρόεδρο του ΚΙΝΑΛ αποκάλυψε ότι και οι δύο ταλαιπωρούνται από ίωση",
    "image": "https://i1.prth.gr/images/w640/files/2019-10-11/MI2222.jpg",
    "link": "https://www.protothema.gr/politics/article/934352/astheneis-mitsotakis-gennimata-sikothika-mono-kai-mono-gia-na-ertho-sti-sunadisi/?utm_source=rss",
    "published": 2019-10-11T09:31:00.000Z,
    "title": "Γεννηματά: Σηκώθηκα μόνο και μόνο για να έρθω στη συνάντηση - Ασθενής και ο Μητσοτάκης",
  },
  Object {
    "author": null,
    "description": "Ο Πρόεδρος της Δημοκρατίας υπενθύμισε ότι για όσες χώρες δεν επιδεικνύουν αλληλεγγύη στο προσφυγικό προβλέπονται κυρώσεις",
    "image": "https://i1.prth.gr/images/w640/files/2019-10-11/pavlopoulos-germ.jpg",
    "link": "https://www.protothema.gr/politics/article/934348/paulopoulos-se-europaious-proedrous-oi-kairoi-ou-menetoi/?utm_source=rss",
    "published": 2019-10-11T09:22:17.000Z,
    "title": "Παυλόπουλος σε Ευρωπαίους προέδρους: Οι καιροί ου μενετοί",
  },
  Object {
    "author": null,
    "description": "«Έχουμε συνείδηση όλων των σεναρίων, του ήπιου, του δύσκολου και του πολύ έκτακτου» ανέφερε ο υπουργός Μεταναστευτικής Πολιτικής στη Βουλή",
    "image": "https://i1.prth.gr/images/w640/files/2019-10-11/prosfyges-arthro-111019.jpg",
    "link": "https://www.protothema.gr/politics/article/934336/koumoutsakos-i-tourkiki-epithesi-sti-suria-borei-na-prokalesei-nea-kumata-prosfugon/?utm_source=rss",
    "published": 2019-10-11T09:03:00.000Z,
    "title": "Κουμουτσάκος: Η τουρκική επίθεση στη Συρία μπορεί να προκαλέσει νέα κύματα προσφύγων",
  },
  Object {
    "author": null,
    "description": "«Ήταν εύλογο να υπάρχει μια έλλειψη ετοιμότητας», τόνισε ο τέως πρόεδρος της Βουλής και βουλευτής του ΣΥΡΙΖΑ",
    "image": "https://i1.prth.gr/images/w640/files/2019-10-11/voy12.jpg",
    "link": "https://www.protothema.gr/politics/article/934327/dieukriniseis-voutsi-gia-to-anetoimoi-na-kuvernisoume-to-2015/?utm_source=rss",
    "published": 2019-10-11T08:43:00.000Z,
    "title": "Διευκρινίσεις Βούτση... για το «ανέτοιμοι να κυβερνήσουμε το 2015»",
  },
  Object {
    "author": null,
    "description": "Σε εξέλιξη η συνάντηση με Γεννηματά - Τόσο ο κ. Μητσοτάκης όσο και η πρόεδρος του ΚΙΝΑΛ είναι με ίωση - Μία ώρα διήρκεσε το ραντεβού με Τσίπρα, τι είπαν μπροστά στις κάμερες - «Κόκκινη γραμμή» της κυβέρνησης η συνταγματική επιταγή της ισότητας της ψήφου τω",
    "image": "https://i1.prth.gr/images/w640/files/2019-10-11/3232.jpg",
    "link": "https://www.protothema.gr/politics/article/934308/psifos-apodimon-mia-ora-kratise-i-sunadisi-mitsotaki-tsipra-o-dialogos-brosta-stis-kameres/?utm_source=rss",
    "published": 2019-10-11T09:04:00.000Z,
    "title": "Ψήφος αποδήμων: Ραντεβού Μητσοτάκη με πολιτικούς αρχηγούς",
  },
  Object {
    "author": null,
    "description": "«Ελπίζουμε οι συναντήσεις με τους αρχηγούς να είναι μια επιτυχής άσκηση συναίνεσης», ανέφερε",
    "image": "https://i1.prth.gr/images/w640/files/2019-10-11/stelios_petsas.jpg",
    "link": "https://www.protothema.gr/politics/article/934305/stelios-petsas-gia-sunadisi-arhigon-askisi-sunainesis-ohi-epikoinoniako-paihnidi/?utm_source=rss",
    "published": 2019-10-11T08:08:00.000Z,
    "title": "Στέλιος Πέτσας για συνάντηση αρχηγών: Άσκηση συναίνεσης, όχι επικοινωνιακό παιχνίδι",
  },
  Object {
    "author": null,
    "description": "Είπε στον ΘΕΜΑ 104,6: Είχαμε έναν ΣΥΡΙΖΑ που βάδιζε προς τη διακυβέρνηση και δεν είχε πρόγραμμα με αρχή και μέση, τέλος για το τι θα κάνει στη διακυβέρνηση",
    "image": "https://i1.prth.gr/images/w640/files/2019-10-11/laf-voutsis.jpg",
    "link": "https://www.protothema.gr/politics/article/934301/lafazanis-gia-omologia-voutsi-oti-o-suriza-itan-aproetoimastos-na-kuvernisei/?utm_source=rss",
    "published": 2019-10-11T08:03:00.000Z,
    "title": "Λαφαζάνης (104,6) για ομολογία Βούτση ότι ο ΣΥΡΙΖΑ ήταν απροετοίμαστος να κυβερνήσει: Όταν το είπα εγώ μου έλεγαν «θα μας κάψεις",
  },
  Object {
    "author": null,
    "description": "Για την κάλυψη λειτουργικών δαπανών οικονομικού έτους 2019",
    "image": "https://i1.prth.gr/images/w640/files/2019-10-11/ker12.jpg",
    "link": "https://www.protothema.gr/politics/article/934279/kerameos-prostheti-hrimatodotisi-124-ekat-euro-sta-panepistimia/?utm_source=rss",
    "published": 2019-10-11T07:18:00.000Z,
    "title": "Κεραμέως: Πρόσθετη χρηματοδότηση 12,4 εκατ. ευρώ στα Πανεπιστήμια",
  },
  Object {
    "author": null,
    "description": "Η Ελλάδα καταδικάζει την παραβίαση συνόρων και Συνθηκών - Ανησυχία για τον ISIS",
    "image": "https://i1.prth.gr/images/w640/files/2019-10-10/mi22226.jpg",
    "link": "https://www.protothema.gr/politics/article/934213/mitsotakis-se-stoltenberg-gia-tourkia-i-taktiki-ton-ison-apostaseon-tou-nato-adikei-tin-ellada/?utm_source=rss",
    "published": 2019-10-11T03:43:00.000Z,
    "title": "Μητσοτάκης σε Στόλτενμπεργκ για Τουρκία: Η τακτική των ίσων αποστάσεων του ΝΑΤΟ αδικεί την Ελλάδα",
  },
  Object {
    "author": null,
    "description": "Στις 11 το ραντεβού με τον Τσίπρα στη Βουλή, ακολουθεί στις 12:15 η Γεννηματά - Με «κόκκινη γραμμή» τη συνταγματική επιταγή της ισότητας της ψήφου των εντός και εκτός Ελλάδας Ελλήνων ο Κυριάκος Μητσοτάκης βλέπει τους πέντε ηγέτες της αντιπολίτευσης - «Κλει",
    "image": "https://i1.prth.gr/images/w640/files/2019-10-11/ch/arxigoi_ar.jpg",
    "link": "https://www.protothema.gr/politics/article/934209/psifos-apodimon-prova-sunainesis-ta-tet-a-tet-tou-prothupourgou-me-tous-politikous-arhigous/?utm_source=rss",
    "published": 2019-10-11T03:39:00.000Z,
    "title": "Ψήφος Αποδήμων: «Πρόβα συναίνεσης» τα τετ α τετ του πρωθυπουργού με τους πολιτικούς αρχηγούς",
  },
  Object {
    "author": null,
    "description": "Η 15η 'Ατυπη Σύνοδος των αρχηγών κρατών του «Αrraiolos Group» αναμένεται να καταλήξει στην «Διακήρυξη των Αθηνών», η οποία θα αναφέρεται στο μέλλον της Ευρωπαϊκής Ένωσης",
    "image": "https://i1.prth.gr/images/w640/files/2019-10-11/pavlopoulos-akropoli.jpg",
    "link": "https://www.protothema.gr/politics/article/934210/paulopoulos-kai-12-arhigoi-kraton-suzitoun-stin-athina-gia-to-mellon-tis-europis/?utm_source=rss",
    "published": 2019-10-11T03:28:35.000Z,
    "title": "Παυλόπουλος και 12 αρχηγοί κρατών συζητούν στην Αθήνα για το μέλλον της Ευρώπης",
  },
  Object {
    "author": null,
    "description": "Ομιλία του αναπληρωτή υπουργού Εξωτερικών στο 4ο Περιφερειακό φόρουμ της Ένωσης για τη Μεσόγειο",
    "image": "https://i1.prth.gr/images/w640/files/2019-10-11/4855634.jpg",
    "link": "https://www.protothema.gr/politics/article/934197/varvitsiotis-proteraiotita-tis-elladas-i-prostasia-tou-perivallodos/?utm_source=rss",
    "published": 2019-10-10T22:21:00.000Z,
    "title": "Βαρβιτσιώτης: Προτεραιότητα της Ελλάδας η προστασία του περιβάλλοντος",
  },
  Object {
    "author": null,
    "description": "Νέα τροπή παίρνει η πολύκροτη υπόθεση με όσα αναφέρει ο προστατευόμενος μάρτυρας Νίκος Μανιαδάκης - «Είχα ενημερώσει τον Στουρνάρα για τις πιέσεις που δεχόμουν να καταθέσω εναντίον του» ανέφερε σε δηλώσεις του στον ΣΚΑΪ",
    "image": "https://i1.prth.gr/images/w640/files/2019-10-10/kcskckcsk.png",
    "link": "https://www.protothema.gr/politics/article/934192/upothesi-novartis-dehtika-pieseis-gia-na-enohopoiiso-politika-prosopa-dilonei-o-maniadakis/?utm_source=rss",
    "published": 2019-10-10T20:53:00.000Z,
    "title": "Υπόθεση Novartis: Δέχτηκα πιέσεις για να ενοχοποιήσω πολιτικά πρόσωπα δηλώνει ο Μανιαδάκης",
  },
  Object {
    "author": null,
    "description": "Για τη στρατιωτική επιχείρηση της Άγκυρας στη Συρία τόνισε: «ζητήσαμε από την Τουρκία να σταματήσει και πιστεύουμε ότι οι συνέπειες θα είναι εξαιρετικά επικίνδυνες»",
    "image": "https://i1.prth.gr/images/w640/files/2019-10-10/mogherini__2_.jpg",
    "link": "https://www.protothema.gr/politics/article/934172/mogerini-polu-anisuhitikes-oi-tourkikes-energeies-stin-kupriaki-aoz/?utm_source=rss",
    "published": 2019-10-10T19:01:00.000Z,
    "title": "Μογκερίνι: Πολύ ανησυχητικές οι τουρκικές ενέργειες στην κυπριακή ΑΟΖ",
  },
]
`;

exports[`parses skai 1`] = `
Array [
  Object {
    "author": null,
    "description": "Σε συνέντευξή του στο τουρκικό τηλεοπτικό δίκτυο NTV, ο Τούρκος πρόεδρος είπε πως ο στόχος της τουρκικής επέμβασης είναι οι Κούρδοι μαχητές να εκδιωχθούν σε μια απόσταση πάνω από 32 χλμ εντός της συριακής επικράτειας.",
    "image": "https://www.skai.gr/sites/default/files/styles/article_580x326/public/2019-10/erdogan_hdddd_0.jpg?itok=qKgkfY-i",
    "link": "http://www.skai.gr/news/world/erntogan-den-anisyxo-gia-kyroseis-den-tha-kirykso-pote-ekexeiria-sti-voreioanatoliki-syr?utm_source=rss_news_world&amp;utm_campaign=skai200905190000&amp;utm_medium=rss",
    "published": 2019-10-15T21:42:38.000Z,
    "title": "Ερντογάν: Δεν ανησυχώ για κυρώσεις, δεν θα κηρύξω ποτέ εκεχειρία στη βορειοανατολική Συρία",
  },
  Object {
    "author": null,
    "description": "Ο αξιωματούχος, που μίλησε υπό τον όρο να μην κατονομαστεί, τόνισε πως το αμερικανικό πολεμικό αεροσκάφος πραγματοποίησε πτήση πάνω από την περιοχή, αφότου τα αμερικανικά στρατεύματα στη βορειοανατολική Συρία αισθάνθηκαν πως οι προσκείμενοι στην Άγκυ...",
    "image": "https://www.skai.gr/sites/default/files/styles/article_580x326/public/2019-10/jet_usa.jpg?itok=Mv155lLw",
    "link": "http://www.skai.gr/news/world/epideiksi-dynamis-ton-ipa-ptisi-amerikanikou-maxitikou-pano-apo-ti-voreia-syria?utm_source=rss_news_world&amp;utm_campaign=skai200905190000&amp;utm_medium=rss",
    "published": 2019-10-15T21:39:24.000Z,
    "title": "«Επίδειξη δύναμης» των ΗΠΑ – Πτήση αμερικανικού μαχητικού πάνω από τη βόρεια Συρία",
  },
  Object {
    "author": null,
    "description": "Μιλώντας σε δημοσιογράφους ο αξιωματούχος διαβεβαίωσε ότι το μόνο \\"αξιοσημείωτο συμβάν\\" αφορούσε περίπου εκατό εκτοπισμένους, συχνά γυναίκες ή παιδιά τζιχαντιστών, που εξαφανίστηκαν στον απόηχο της τουρκικής προέλασης.",
    "image": "https://www.skai.gr/sites/default/files/styles/article_580x326/public/2019-10/syria_sols_hd.jpg?itok=6T8vJA5n",
    "link": "http://www.skai.gr/news/world/ipa-den-apedrase-megalos-arithmos-kratoumenon-tzixantiston-sto-paron-stadio?utm_source=rss_news_world&amp;utm_campaign=skai200905190000&amp;utm_medium=rss",
    "published": 2019-10-15T20:38:47.000Z,
    "title": "ΗΠΑ: Δεν απέδρασε «μεγάλος αριθμός» κρατουμένων τζιχαντιστών «στο παρόν στάδιο»",
  },
  Object {
    "author": null,
    "description": "Η κλήτευση έγινε στο πλαίσιο της έρευνας για ενδεχόμενη αποπομπή του Προέδρου των ΗΠΑ.",
    "image": "https://www.skai.gr/sites/default/files/styles/article_580x326/public/2019-10/rudy-julliani-ap.jpg?itok=55wozVcx",
    "link": "http://www.skai.gr/news/world/den-tha-symmorfothei-me-tin-kliteysi-tou-kogkresou-o-dikigoros-tou-tramp-rounti-tzoulian?utm_source=rss_news_world&amp;utm_campaign=skai200905190000&amp;utm_medium=rss",
    "published": 2019-10-15T20:03:53.000Z,
    "title": "Δεν θα συμμορφωθεί με την κλήτευση του Κογκρέσου ο δικηγόρος του Τραμπ",
  },
  Object {
    "author": null,
    "description": "Απόλυτη ικανοποίηση για τις αποφάσεις του Συμβουλίου Εξωτερικών Υποθέσεων εξέφρασε ο Πρόεδρος της Κυπριακής Δημοκρατίας Νίκος Αναστασιάδης.",
    "image": "https://www.skai.gr/sites/default/files/styles/article_580x326/public/2019-10/it-anastasiadis.jpg?itok=d2uv9aZG",
    "link": "http://www.skai.gr/news/world/yiothetisi-kyroseon-gia-tis-paranomes-geotriseis-anamenei-o-anastasiadis-apo-to-eyropaik?utm_source=rss_news_world&amp;utm_campaign=skai200905190000&amp;utm_medium=rss",
    "published": 2019-10-15T19:27:23.000Z,
    "title": "Υιοθέτηση κυρώσεων για τις παράνομες γεωτρήσεις αναμένει ο Αναστασιάδης από το Ευρωπαϊκό Συμβούλιο",
  },
  Object {
    "author": null,
    "description": "Ο Αμερικανός αντιπρόεδρος Μάικ Πενς δήλωσε χθες ότι θα ηγηθεί μιας αντιπροσωπείας στην Τουρκία για να πραγματοποιήσει συνομιλίες.",
    "image": "https://www.skai.gr/sites/default/files/styles/article_580x326/public/2019-10/ap-syria_0.jpg?itok=dnGeO_aS",
    "link": "http://www.skai.gr/news/world/oi-ipa-tha-enteinoun-tis-pieseis-stin-tourkia-gia-ti-stratiotiki-epixeirisi-sti-syria?utm_source=rss_news_world&amp;utm_campaign=skai200905190000&amp;utm_medium=rss",
    "published": 2019-10-15T19:14:16.000Z,
    "title": "Οι ΗΠΑ θα εντείνουν τις πιέσεις στην Τουρκία για τη στρατιωτική επιχείρηση στη Συρία",
  },
  Object {
    "author": null,
    "description": "Ο Μάικ Πενς, ο οποίος ανακοίνωσε τη Δευτέρα ότι θα επισκεφθεί προσεχώς την Τουρκία, αφού του το ζήτησε ο Ντόναλντ Τραμπ.",
    "image": "https://www.skai.gr/sites/default/files/styles/article_580x326/public/2019-10/ap-pence_0.jpg?itok=LQ2OH6sh",
    "link": "http://www.skai.gr/news/world/o-antiproedros-ton-ipa-tha-anaxorisei-gia-tin-tourkia-entos-ton-epomenon-24-oron?utm_source=rss_news_world&amp;utm_campaign=skai200905190000&amp;utm_medium=rss",
    "published": 2019-10-15T18:51:39.000Z,
    "title": "Ο αντιπρόεδρος των ΗΠΑ θα αναχωρήσει για την Τουρκία εντός των επόμενων 24 ωρών",
  },
  Object {
    "author": null,
    "description": "Συνεχίζονται οι πολιτικές αναταράξεις που προκάλεσαν οι δηλώσεις του τουρκοκύπριου ηγέτη Μουσταφά Ακιντζί.",
    "image": "https://www.skai.gr/sites/default/files/styles/article_580x326/public/2019-10/moustafa-akintzi-katexomena-kypros-ap.jpg?itok=IJs_4jPz",
    "link": "http://www.skai.gr/news/world/politiki-thyella-sta-katexomena-gia-tin-tourkiki-epemvasi-sti-syria?utm_source=rss_news_world&amp;utm_campaign=skai200905190000&amp;utm_medium=rss",
    "published": 2019-10-15T18:45:14.000Z,
    "title": "Πολιτική θύελλα στα κατεχόμενα για την τουρκική επέμβαση στη Συρία",
  },
  Object {
    "author": null,
    "description": "Οργισμένη αντίδραση της Άγκυρας για τη συμφωνία των Κούρδων με τις δυνάμεις του Άσαντ. Διαμηνύει ότι θα συνεχίσει την επιχείρηση ακόμη και χωρίς τη στήριξη του κόσμου.",
    "image": "https://www.skai.gr/sites/default/files/styles/article_580x326/public/2019-10/tourkia-stratevmata-syria-15102019-ap.jpg?itok=kG14tRLY",
    "link": "http://www.skai.gr/news/world/tourkia-vromiki-symfonia-kourdon-asant?utm_source=rss_news_world&amp;utm_campaign=skai200905190000&amp;utm_medium=rss",
    "published": 2019-10-15T18:22:16.000Z,
    "title": "Τουρκία: «Βρώμικη» συμφωνία Κούρδων – Άσαντ",
  },
  Object {
    "author": null,
    "description": "Πληροφορίες κάνουν λόγο για την κατάρτιση ενός προσχεδίου συμφωνίας μεταξύ των δύο πλευρών.",
    "image": "https://www.skai.gr/sites/default/files/styles/article_580x326/public/2019-10/ap-johnson_0.jpg?itok=dOdnGDAK",
    "link": "http://www.skai.gr/news/world/symfonia-gia-brexit-pro-ton-pylon-meta-tis-ypoxoriseis-tzonson?utm_source=rss_news_world&amp;utm_campaign=skai200905190000&amp;utm_medium=rss",
    "published": 2019-10-15T18:21:05.000Z,
    "title": "Συμφωνία για Brexit προ των πυλών μετά τις υποχωρήσεις Τζόνσον",
  },
  Object {
    "author": null,
    "description": "Η Μόσχα αναφέρει ότι η Τουρκία μπορεί να εισέλθει 5 έως 10 χιλιόμετρα στα συριακά εδάφη και πως οι κυβερνητικές δυνάμεις πρέπει να αναλάβουν την ασφάλεια των τουρκοσυριακών συνόρων σε όλο τους το μήκος.",
    "image": "https://www.skai.gr/sites/default/files/styles/article_580x326/public/2019-10/syria-tourkia-15102019-ap.jpg?itok=Iyc9CKqC",
    "link": "http://www.skai.gr/news/world/apestalmenos-poutin-sti-syria-i-symfonia-rosias-syrias-kourdon-enanti-tourkias?utm_source=rss_news_world&amp;utm_campaign=skai200905190000&amp;utm_medium=rss",
    "published": 2019-10-15T18:10:43.000Z,
    "title": "Απεσταλμένος Πούτιν στη Συρία: Η συμφωνία Ρωσίας - Συρίας – Κούρδων έναντι Τουρκίας",
  },
  Object {
    "author": null,
    "description": "Την ίδια ώρα οι Κούρδοι μαχητές βρίσκονται στην Ρας αλ-Αϊν για να την υπερασπιστούν μέχρι τέλους, σύμφωνα με δηλώσεις τους.",
    "image": "https://www.skai.gr/sites/default/files/styles/article_580x326/public/2019-10/skai-koyrdos.jpg?itok=4lYJ2Wmb",
    "link": "http://www.skai.gr/news/world/kourdos-igetis-ston-skai-tha-tous-polemiso-mexri-tin-teleytaia-stagona-tou-aimatos-mou?utm_source=rss_news_world&amp;utm_campaign=skai200905190000&amp;utm_medium=rss",
    "published": 2019-10-15T17:47:53.000Z,
    "title": "Κούρδος ηγέτης στον ΣΚΑΪ: Θα τους πολεμήσω μέχρι την τελευταία σταγόνα του αίματός μου",
  },
  Object {
    "author": null,
    "description": "Οι αιγυπτιακές αρχές υπόσχονται ότι θα ανακοινώσουν λεπτομέρειες για τα νέα ευρήματα κατά την διάρκεια συνέντευξης τύπου στο Λούξορ το ερχόμενο Σάββατο.",
    "image": "https://www.skai.gr/sites/default/files/styles/article_580x326/public/2019-10/ap-egypt4.jpg?itok=4uRUIHKt",
    "link": "http://www.skai.gr/news/world/aigyptioi-arxaiologoi-anakalypsan-20-athiktes-sarkofagous-sto-louksor?utm_source=rss_news_world&amp;utm_campaign=skai200905190000&amp;utm_medium=rss",
    "published": 2019-10-15T16:56:19.000Z,
    "title": "Αιγύπτιοι αρχαιολόγοι ανακάλυψαν 20 άθικτες σαρκοφάγους στο Λούξορ (pics)",
  },
  Object {
    "author": null,
    "description": "Η κυρία Μέρκελ κάλεσε για μία ακόμη φορά σήμερα την Τουρκία να σταματήσει την στρατιωτική της επίθεση εναντίον των Κούρδων.",
    "image": "https://www.skai.gr/sites/default/files/styles/article_580x326/public/2019-10/ap-merkel.jpg?itok=1k5tRD-X",
    "link": "http://www.skai.gr/news/world/i-merkel-zita-akomi-mia-fora-ton-termatismo-tis-tourkikis-epixeirisis-sti-syria?utm_source=rss_news_world&amp;utm_campaign=skai200905190000&amp;utm_medium=rss",
    "published": 2019-10-15T16:22:32.000Z,
    "title": "Η Μέρκελ ζητά επέμβαση του ΝΑΤΟ και τερματισμό της τουρκικής επιχείρησης στη Συρία",
  },
  Object {
    "author": null,
    "description": "Νωρίτερα το ρωσικό υπουργείο Άμυνας είχε ανακοινώσει ότι υπό τον πλήρη έλεγχο των συριακών κυβερνητικών δυνάμεων περιήλθαν η πόλη Μανμπίτζ και οι γύρω κατοικημένες περιοχές.",
    "image": "https://www.skai.gr/sites/default/files/styles/article_580x326/public/2019-10/ypamunas-russia-syria2.jpg?itok=Gz0Yi7w5",
    "link": "http://www.skai.gr/news/world/sti-dimosiotita-xartis-apo-rosia-o-asant-elegxei-raka-eyfrati-tampka-kai-manmpitz?utm_source=rss_news_world&amp;utm_campaign=skai200905190000&amp;utm_medium=rss",
    "published": 2019-10-15T16:15:33.000Z,
    "title": "Στη δημοσιότητα χάρτης από Ρωσία: Ο Άσαντ ελέγχει Ράκα, Ευφράτη, Τάμπκα και Μανμπίτζ",
  },
  Object {
    "author": null,
    "description": "Η Γαλλία είχε προαναγγείλει τις επιφυλάξεις της για την πρόοδο των δυο χωρών.",
    "image": "https://www.skai.gr/sites/default/files/styles/article_580x326/public/2019-10/evropaiki-enosi-shutterstock_0.jpg?itok=x4ZEDB69",
    "link": "http://www.skai.gr/news/world/galliko-mploko-se-voreia-makedonia-kai-alvania-stis-diapragmateyseis-me-tin-ee?utm_source=rss_news_world&amp;utm_campaign=skai200905190000&amp;utm_medium=rss",
    "published": 2019-10-15T16:06:27.000Z,
    "title": "Γαλλικό μπλόκο σε Βόρεια Μακεδονία και Αλβανία στις διαπραγματεύσεις με την ΕΕ",
  },
  Object {
    "author": null,
    "description": "Τρεις άνθρωποι ανασύρθηκαν ζωντανοί από τα ερείπια του πολυόροφου κτιρίου.",
    "image": "https://www.skai.gr/sites/default/files/styles/article_580x326/public/2019-10/vrazilia-ktirio-katarrefsi-15102019-ap.jpg?itok=42eq7ihx",
    "link": "http://www.skai.gr/news/world/vrazilia-katerreyse-eptaorofi-katoikia-sti-vrazilia-toulaxiston-enas-nekros?utm_source=rss_news_world&amp;utm_campaign=skai200905190000&amp;utm_medium=rss",
    "published": 2019-10-15T15:55:38.000Z,
    "title": "Βραζιλία: Κατέρρευσε επταόροφη πολυκατοικία - Τουλάχιστον ένας νεκρός",
  },
  Object {
    "author": null,
    "description": "Στη Γερμανία ζουν περίπου ένα εκατομμύριο Κούρδοι, συχνά προερχόμενοι από την τουρκική επικράτεια.",
    "image": "https://www.skai.gr/sites/default/files/styles/article_580x326/public/2019-10/ap-kurds.jpg?itok=AwbtehPM",
    "link": "http://www.skai.gr/news/world/i-germaniki-kyvernisi-kalei-se-metriopatheia-meta-tis-sygkrouseis-tourkon-kai-kourdon-st?utm_source=rss_news_world&amp;utm_campaign=skai200905190000&amp;utm_medium=rss",
    "published": 2019-10-15T14:32:57.000Z,
    "title": "Η γερμανική κυβέρνηση καλεί σε «μετριοπάθεια» μετά τις συγκρούσεις Τούρκων και Κούρδων στη Χέρνε",
  },
  Object {
    "author": null,
    "description": "Η αστυνομία του Τέξας συνέλαβε τον Άρον Ντιν, ο οποίος παραιτήθηκε χθες.",
    "image": "https://www.skai.gr/sites/default/files/styles/article_580x326/public/2019-10/ap-texas_0.jpg?itok=XV7qYR6j",
    "link": "http://www.skai.gr/news/world/teksas-gia-anthropoktonia-katigoreitai-o-astynomikos-pou-skotose-mayri-gynaika-mesa-sto?utm_source=rss_news_world&amp;utm_campaign=skai200905190000&amp;utm_medium=rss",
    "published": 2019-10-15T14:02:57.000Z,
    "title": "Τέξας: Για ανθρωποκτονία κατηγορείται ο αστυνομικός που σκότωσε μαύρη γυναίκα μέσα στο σπίτι της",
  },
  Object {
    "author": null,
    "description": "Ο πρώην CEO της χρεοκοπημένης εταιρίας δεν θέλησε να υπερασπιστεί τις υψηλότατες αποδοχές του και πως κατανοεί πλήρως το κοινό αίσθημα.",
    "image": "https://www.skai.gr/sites/default/files/styles/article_580x326/public/2019-09/peter_fankhauser_image.jpg?itok=q0GlgMj9",
    "link": "http://www.skai.gr/news/world/i-apologia-tou-xrysou-stelexous-tis-thomas-cook-gia-to-mistho-ton-129-ekat-dolarion?utm_source=rss_news_world&amp;utm_campaign=skai200905190000&amp;utm_medium=rss",
    "published": 2019-10-15T14:02:50.000Z,
    "title": "Η απολογία του «χρυσού» στελέχους της Thomas Cook για το μισθό των 1,29 εκατ. δολαρίων",
  },
]
`;
